Route #1: 4421 3515 4441 399 5443 1651 3425 5193 3638 2927 2282 3545 4777 1195 119
Route #2: 1997 2373 5092 451 3737 5038 5568 979 533 5178 5962 2785 1798 2642 2889 1618
Route #3: 4082 4823 2459 3939 178 721 815 786 5579 1332 2668 2599 1698 3966 4548 1264 968 4876
Route #4: 5673 1627 2774 1676 1003 5202 3623 3400 5924 2368 1603 5744 1403 4720 4600 2633 1991 2156
Route #5: 785 5750 2960 5122 3018 3568 5087 3899 3220 1827 2204 726 2946 4139 1498 5674 4784
Route #6: 1721 5895 4332 4878 2868 1890 4874 5821 4068 2412 517 254 2715 1158 2606 166 1660
Route #7: 322 1305 4501 179 10 306 850 3141 3255 4484 3617 2006 2848 1159 1218 5437 1048
Route #8: 5888 2996 296 2327 4148 579 577 3794 3483 1700 4071 1786 1518 4029 4056 514 542 5574 4399 1787 5080 2115
Route #9: 4882 1666 4554 1453 5606 840 724 2728 5766 1467 1718 2663 869 5952 2654 418 5319 779 5377
Route #10: 2897 5537 2579 540 28 2014 4959 4208 3301 4808 1948 5726 5741 5157 669 5486 2693
Route #11: 2980 3113 731 4816 443 4585 4953 4912 1209 532 4798 1967 3717 3770 5680 4760 183 2321 3325 1573 5046
Route #12: 3764 3303 4607 1020 948 1977 3543 2283 1736 5407 2312 672 4515 1867 3038
Route #13: 879 698 4315 3027 5797 3473 4617 3443 1401 5651 2540 4235 2358 2963
Route #14: 1094 4549 3878 7 2573 5867 4425 4469 1493 236 4835 4039 3822 4143 5755 1771 2643 4474 3287 2962
Route #15: 4646 607 5374 3452 2335 4967 4321 5724 1093 2281 1251 1243 2308 1083 3279 5116 5280
Route #16: 882 445 773 5733 5845 275 1431 168 5311 2048 5619 412 189 300 4488 3252 3383 828
Route #17: 5278 5745 284 1844 5551 5346 5242 312 3295 5226 1241 297
Route #18: 2343 5021 569 5582 5757 5572 5245 896 3176 3678 3527 3662 2928 3012 682 5196 4625
Route #19: 5003 196 170 1570 167 4819 3618 4636 3319 3853 5668 3042 5007 2126
Route #20: 5099 4728 3641 5334 3495 3863 5335 2620 2430 3693 3396 5778 4854 5598 1280 4105 3757
Route #21: 400 5854 5526 49 22 3409 3216 3643 937 2723 3315 2879 2378 1278 694 2127 5987
Route #22: 1325 2203 5971 1584 1575 3283 95 4121 2064 5305 13 4250 5870 5489 315 2345 3022
Route #23: 5177 2660 3326 555 2022 1152 3347 4072 1036 536 5395 627 2824 2851 1272 3801 4140 1978 4712
Route #24: 3338 4948 5256 1038 1263 912 2495 2094 4785 169 5915 764 5396 3298 1166 1652 5361 3439 1609
Route #25: 335 4505 4747 3531 1444 2286 448 2020 3560 5626 5754 4649 1223 1527 5913 1233
Route #26: 186 3318 3599 2216 5746 136 3291 2117 554 2415 65 3682 695 5786 2805 2257 5546
Route #27: 1107 5992 1686 1124 1404 4187 2791 2937 4007 83 177 3765 2416
Route #28: 2854 2081 3656 1219 5004 376 5009 8 1344 2274 959 4353 3520 2036 4619
Route #29: 2187 4158 1906 1995 4412 925 3500 2904 2535 345 3866 4734 1716 2364 4566 201 5641
Route #30: 3304 1928 56 1688 5609 2734 3874 5223 5884 4174 5838 3389 1958 3821 3069 5180
Route #31: 3289 5205 3003 2602 4814 1308 3476 3541 2772 2241 5473 249 3875 4092 289 2218
Route #32: 311 989 1746 3893 5616 1295 2676 4638 5379 332 4850 2456 1682 4400 5058 17 5885
Route #33: 1446 2099 15 2730 2237 5781 5836 1815 5162 5793 2919 4604 5906 1536 2231
Route #34: 3072 1098 2839 5230 5988 784 4526 3381 1647 1205 1714 2925 5926 344 2878 5748
Route #35: 3663 2227 75 2426 718 1240 1220 4791 1436 1253 2341 4893 5120 4954 434
Route #36: 1268 5717 795 3919 2268 4533 5098 3435 1256 631 870 3510 5669
Route #37: 2838 2439 4507 3408 5686 1337 839 756 1871 5313 5713 2399 4911 2482 816 5341 999 1738
Route #38: 2924 804 3420 5523 3419 3769 4392 205 1275 5017 2883 1203 508 4561 5163 5142 1130 2667 3321 299
Route #39: 4652 2230 303 5153 1235 5451 873 3858 4146 1249 3974 2593 193 1689 3105 2030 3117
Route #40: 5307 2228 4909 3990 2578 5608 368 2180 2863 2328 4805 4550 2193 4242 707
Route #41: 782 897 5767 820 3501 5005 141 824 5476 4517 2932 1542 223 1201 2307
Route #42: 4581 1418 2529 5706 3522 389 2405 890 2713 3577 5583 5628 3355 3563 842 4867 2515 3685
Route #43: 5649 437 4573 194 1759 5398 1052 3847 4136 1581 5441 4648 5853 2464 696 3379 5310
Route #44: 2423 911 1358 4022 1407 2161 4407 3203 5173 81 3115 2120 4103 977 2856
Route #45: 3229 2630 4259 3992 2505 5259 3477 3984 4118 3474 1802 4476 576 3734 1983
Route #46: 1853 927 950 5251 4738 3081 35 2438 595 1274 3059 805 1161 3907 3153
Route #47: 4766 4745 3470 2494 2280 2739 3758 1753 1056 4437 887 4055 96 2638 4142 606
Route #48: 5737 4487 395 5527 2037 3121 5075 5174 3868 5886 5253 2062 2025 1792 855 2543 4256 3604
Route #49: 2045 1636 4794 1723 5295 5834 5595 4691 1845 3348 1523 4749 716 2731 1346 2696
Route #50: 4252 384 1045 3077 5518 3448 5928 2077 3328 4568 3037 5051 4856 1494 4292 5291 874
Route #51: 3728 4593 4014 5667 637 5659 2273 212 430 3434 3340 5370 3240 470 2320
Route #52: 2926 3549 5137 4830 199 4685 2420 2201 3054 4282 4988 2784 3843 3088 1524
Route #53: 2972 4612 778 5404 3177 4475 4430 4402 535 3616 2242 79 184 457 3365 5093
Route #54: 422 1821 3622 439 2876 1066 3861 3933 5562 3456 5734 1519 978 5073 2224 4232
Route #55: 244 4436 4273 3637 4074 5364 1089 5043 3983 2254 3970 5081 975 3100 3395 2202 4981 4545 3850 1199
Route #56: 819 410 5989 4904 4639 5054 111 4645 1696 2458 354 2462 2631 4866 923 1976 3837 4626 1668 4346
Route #57: 1606 1699 4284 5333 783 1650 1726 2873 1972 3180 4723 4994 5553 5841 5353 11 5749
Route #58: 5916 684 928 3162 4253 5423 4775 516 4788 4150 1794 73 678 3168 4970 4640 3385 5554 3505 2287
Route #59: 2665 3761 5533 3103 4987 1922 2877 2424 4748 1216 4719 4884 3050 3778 1887 3238 4956 1564
Route #60: 2810 688 5795 2615 2521 2765 1825 4262 3314 1010 3803 1366 4438 5421
Route #61: 3711 2882 1239 4575 1044 5765 3760 4479 5027 135 5150 2413 4520 5910 2038 5876 3082 2158
Route #62: 5309 2390 1009 2042 4002 5912 39 5683 1077 3612 4141 2448 2835 5463 4633 98 1774 5736
Route #63: 5224 833 2786 2305 1064 5036 1334 3513 2279 3882 291 3043 1483 5753 87 1277
Route #64: 261 4017 4928 1640 2953 2823 1579 2801 5229 208 5483 5936 366 1435 4462 2775
Route #65: 3030 843 1775 4631 1055 2539 3507 5878 5937 4283 4966 2353 5385 276 5589 5106 2744 3605 1846
Route #66: 1560 2073 211 675 1838 2010 2401 3551 1841 1950 5624 5860 1296 5327 4054 2512
Route #67: 302 4258 588 952 5541 5977 3222 423 4387 5739 3305 1380 4417 545 4379 3889 4308 5433
Route #68: 2243 5544 1267 1040 4761 5042 4868 4161 2542 3603 405 5063 5993 5660 3809 4598
Route #69: 974 1544 5497 1071 1574 1941 4539 4968 4032 5039 5632 388 3464 4433 3198 2871 3049 397 575 3859
Route #70: 5318 23 932 1558 4722 1224 127 5847 4196 3675 4015 4937 2703 1131 1181 1353 2604 4076
Route #71: 180 1722 2306 5182 2834 1754 5044 3107 5946 875 1373 3282 4467 2866 4555 292 4341 3261
Route #72: 3485 5618 650 736 1868 4302 5018 2964 3542 3694 919 5539 3594 2571 2088
Route #73: 3143 1154 1975 2837 523 1694 5731 5978 4553 2965 3997 5970 2729 1937 2553 3773 2318 5604 5413 5743 2131
Route #74: 4668 1583 2750 2008 5559 4506 5447 5267 3600 4237 129 1504 3964 1765 3302 3793 1291 3087
Route #75: 861 5959 1701 4765 4741 2212 1669 4938 4603 2689 2363 1675 1345 798 461 1073 350 1330
Route #76: 4020 5052 5945 963 2600 146 603 1659 951 3062 3684 1176 1357 761 4350 754 2408 3730
Route #77: 894 1381 645 2262 2121 172 1182 5864 5103 74 5105 5204 3546 250 1368 4383 2833 5596 369 3101
Route #78: 5656 1586 5964 3248 2222 4889 1242 2806 2842 2706 3073 4095 560 265 2881 3629
Route #79: 2475 5283 143 390 2929 3075 148 4493 2589 1386 4769 3917 88 5587 4418 5148 1783
Route #80: 2762 3362 2467 2217 954 4327 2323 4265 1779 4998 4112 4611 1374 221 3815 592 217
Route #81: 5373 1168 2610 2251 4127 4916 5300 1177 3401 5771 1590 564 5338 1227 3492 4628 1000 987
Route #82: 2636 3624 1756 1897 3270 2200 3463 260 3924 711 614 2465 126 5842 3191
Route #83: 4576 4335 5798 1489 1705 4176 1622 1080 4578 1499 3058 1903 3498 383 5653 4281 5330
Route #84: 1480 203 2374 5 2999 1917 4458 3223 1491 5807 5048 1450 283 5513 4689 1880 3345 732 722
Route #85: 3646 558 788 3424 4841 4997 1484 3922 2625 1554 4226 156 4209 2449 755 1421
Route #86: 826 3648 2997 4034 5477 5211 2141 1767 3593 1631 3786 5170 5738 4865 5228 634 1582 198 2
Route #87: 5958 5902 1599 2252 4101 1904 900 138 5783 2491 5499 3310 3660 4213
Route #88: 2732 3691 4114 2639 3755 1116 3995 1816 5045 3465 5089 1246 4069 3174 469 3576 1729
Route #89: 5243 1597 2211 4518 2371 2002 4128 2176 2619 504 4472 4706 5266 3812 5510 5121 1507
Route #90: 3781 4241 4910 4973 3268 5610 1837 2432 1661 5446 1286 2154 4159 1379 1424 5611 931 4635 3731
Route #91: 2746 5257 5019 5984 3002 1588 526 2086 4263 3108 1955 2391 2523 5735 4411 3271 1857
Route #92: 2135 5932 1266 3743 1391 356 3567 3557 3249 4066 2017 1270 1598 2536 2751 2402 4736 2968
Route #93: 1054 5813 4615 1214 3026 2608 5428 1487 936 365 5927 4126 967 4634 314 4746 5914
Route #94: 2800 651 1438 5002 4447 4233 71 2811 1730 1562 640 2717 4492 893 2741 1665 636
Route #95: 1969 665 2692 3831 1942 2264 1762 3506 450 2763 5347 4500 2404
Route #96: 2398 3371 1400 68 1303 586 2473 791 752 3733 4238 2145 3729 5578 2272 5555 5505 5461 4455
Route #97: 1758 3281 693 4138 4330 191 2169 2031 503 1677 673 5503 2724 4871
Route #98: 5127 5676 108 4244 1458 581 5008 1164 5190 2858 5416 1557 1854 858 3350 497 2043
Route #99: 1611 2661 2566 2362 4663 4306 3250 4563 3455 3106 4503 3659 567 5102 5015 4024 2681 888
Route #100: 4888 204 2815 4541 1703 3677 5133 5299 2172 1179 2178 4864 3832 2743 3741 4294 1713 642
Route #101: 2640 3346 2437 1732 730 1886 4883 5835 1908 5119 1115 3572 2511 1717 5780 3063 2455
Route #102: 1643 3886 4653 3384 1092 5268 1474 3559 2812 5114 4106 2865 1512 3432 4111
Route #103: 1540 740 1230 4596 137 1434 1752 3031 1548 382 4098 1649 2143 2078
Route #104: 2074 3687 1620 777 625 4919 4774 4173 719 3569 4574 2183 4149 3988
Route #105: 5960 31 3724 3937 4676 2852 278 658 2657 573 1999 4772 2347 2538 3735
Route #106: 1910 5492 2314 2818 1506 3655 667 3915 2435 272 1810 2939 2700 5561 3461 5308 3695 5631 4756 5593
Route #107: 598 3417 4345 1728 4990 910 1317 3479 120 4773 60 349 1788 409 1221 1304 317
Route #108: 834 3768 5158 5529 2240 2255 1691 76 2673 3792 404 2179 360 3927 2441 570 94
Route #109: 1876 501 3387 3535 765 5925 1936 4251 5479 1172 5289 4404 2082 505
Route #110: 2056 1329 2210 1429 4236 3517 2339 5172 84 763 5577 3015 5250 5536 4025 5730
Route #111: 339 4011 738 5240 2376 3736 1959 2559 662 2959 3722 4793 5564 4957 4215 3429 3221 5462
Route #112: 2901 3189 5034 5957 3740 2244 1932 5509 2394 162 2590 5832 832 4855 509 1469
Route #113: 3205 5317 5344 2595 215 4451 5949 4275 2304 5456 5820 5397 2686 3475 1004 1068
Route #114: 3762 4352 5457 1602 3011 1690 5556 1279 4342 5402 3132 240 2348 4393 4266 252
Route #115: 3565 1737 4391 248 428 1283 1973 3816 4618 4630 3057 2708 1198 5070 1437 4610 4647
Route #116: 1388 5252 2609 1378 1731 2669 1447 5261 4763 3241 3944 2478 3906 848
Route #117: 3597 5141 3823 2157 648 3136 5426 2780 2781 2716 849 3019 3352 5571 4305 1863 4031
Route #118: 3877 1905 4272 2124 4107 2969 794 3972 3375 4088 1724 2702 298 1387 4624 2831 3280
Route #119: 2561 1818 2144 969 4160 4665 4154 964 2783 2476 4528 3779 5548 4185 3339 1349 3958
Route #120: 1017 1824 5789 4670 739 3284 507 2403 4519 2828 2808 3710 5050 5358 1820 5501 1777 2905 922 5792
Route #121: 2132 3071 387 2310 872 2550 3169 4964 1930 5485 3025 2295 5079 2944 1409 3323
Route #122: 3158 3277 1566 1322 3556 5232 2425 955 2935 5176 2136 2740 4169 3534 4659 4144 2551
Route #123: 2039 3378 4834 3903 1165 1921 1479 5791 4204 444 1509 3300 909 1568 5944
Route #124: 5772 4570 632 89 3480 3962 3244 5891 1888 5759 2583 5919 2510 4721 3194 1822 3914 1398 1174 5212
Route #125: 4609 3259 3854 2712 1657 4067 3309 3671 4452 5998 3519 124 5383 4914 3504 538
Route #126: 4921 5408 1940 2793 5164 1053 944 4681 5803 4509 5788 3045 5869 5152 743 867 1070 2981 965 4371
Route #127: 5907 4750 5839 5324 1515 1522 3802 1678 3884 3777 3943 5235 5689 3127 1019 4483
Route #128: 3536 3880 3039 4044 1170 5271 4410 1320 5292 1782 2256 4825 4397 2205 5816 2334
Route #129: 4079 1612 3621 2961 3239 2427 2265 2758 3686 5566 3306 1915 3393 3074 5146
Route #130: 1352 5090 55 288 3591 1605 1596 5088 5275 5581 5085 4679 1269 4334
Route #131: 4271 1839 609 1561 4013 1067 4715 4792 3839 4641 5625 2690 4313 5666 5622 2760 1025 1849
Route #132: 1545 2171 3415 329 2947 4730 5805 659 438 2061 5601 862 1712 3564
Route #133: 1707 5409 4245 4943 403 2719 1850 1033 5184 160 2021 2819 4124 1981 3860 2629 4920 5677
Route #134: 5985 2813 902 4019 4643 256 2931 2659 363 4969 3179 2477 3887 1099 2105 1563 1680 4842 4714 913
Route #135: 4813 44 2309 2032 2945 1482 1817 1417 1050 3484 522 1526 4070 2487 2872 991 4724 482
Route #136: 4331 4790 4212 3524 424 926 4902 544 5901 2496 3051 701 620 528 1411
Route #137: 1290 5787 5721 4289 66 4471 4162 5681 5214 4309 5588 3442 1451 5974 5030 4193 4755 2453 5306 33
Route #138: 1185 1075 4836 3457 5284 2670 772 4099 5592 5200 2191 4985 12 3583 1455 2114 4280 4642 4588
Route #139: 5434 463 1022 1135 2499 1090 702 3892 2332 4223 1591 2682 3126 481 4806 2504 1600 310
Route #140: 4312 3376 1695 1371 5274 5994 5955 1534 2802 4320 5522 1875 414 4818 5720 646
Route #141: 4952 5663 1282 1095 5386 3000 2442 1901 2275 1683 4702 1031 4137 5028 110
Route #142: 4532 1760 2051 670 5151 5613 2220 4167 1367 5728 4314 4717 493 1442 2911 2993 5711 4621 5365
Route #143: 5809 3798 4782 3901 5094 3142 3008 2767 5963 3589 104 2652 4373 5220
Route #144: 1396 4038 2989 4091 825 3422 4419 4547 3851 3941 2950 1742 2790 691 2655 1517 1 674 604
Route #145: 1454 5808 735 295 2513 1402 681 4153 3581 1316 1933 572 5520 4662 5801 985 4249 3692 984
Route #146: 3896 4831 2841 4677 4905 2186 3784 2026 484 1885 2537 983 4918 3934 3959 1497 3913 2410
Route #147: 48 2497 2421 3575 3940 2817 5511 1929 3799 1433 3134 4063 38 4001 3005 37 2617
Route #148: 3707 4704 3752 2395 2562 2153 5935 5445 4932 4064 3358 5216 2446 5000 2869
Route #149: 2460 3873 3582 4522 4859 3254 1902 1952 3898 2325 1361 556 2443 4394 3014 5627 3187
Route #150: 3159 5857 4466 371 1980 2419 4669 3628 3726 2058 1238 3489 5270 4608 4658 2007 2782
Route #151: 2886 3780 831 1856 4894 1178 2509 2794 5782 4009 4050 3451 2567 2313 4224 5091
Route #152: 86 2361 381 3368 4364 1951 4827 3982 4708 4980 3036 1057 479 5512 884 1565 1585 4567 3446
Route #153: 4613 2548 2710 1943 1104 3404 3357 2357 1773 3750 2984 1725 1535 599 2469 1711 3526 976
Route #154: 6 5130 2647 5918 5016 942 548 3748 2621 1861 1076 1273 3294 5705 3574 2921
Route #155: 2549 562 2428 1079 1285 1293 5990 1656 3701 5262 5393 4122 5612 1470 446 1571 2664 5844
Route #156: 938 4260 4422 5871 3091 2938 1001 1772 1984 3053 3344 1511 3214 3263 3007 216 2296
Route #157: 3633 5575 5961 4486 4684 5633 149 421 2168 4979 454 1258 1006 5804 852 1384 4089
Route #158: 165 4478 4504 5304 222 3288 2987 5893 4243 2576 3751 3825 5323 4898 3920 713 1395 5665 478
Route #159: 635 2855 668 3879 5165 1137 2994 3973 4848 3407 5297 4947 2049 2541 4672 4473
Route #160: 2493 3085 5097 2795 498 5109 154 1412 2544 5774 2685 1925 2492 3653 3817 4343 4754 2013 4165
Route #161: 4502 3020 1065 1088 1375 106 5887 5921 3243 3402 3373 455 5824 3066 3776 5727
Route #162: 1063 5855 2890 1594 1300 4344 232 1473 2249 1740 4188 5207 4240 5521 1913 436 214
Route #163: 1456 5041 757 3554 123 5077 885 2626 568 2916 5135 2342 3905 32 3099 1331 3292 5249
Route #164: 3590 3986 1328 3427 231 2557 2385 5828 1625 3539 5637 3910 3065 3718 465 3251 473 853
Route #165: 2377 4200 5909 4448 1895 1147 1313 3413 1874 3308 3753 2372 3645 1335 5488 629
Route #166: 5236 2572 3647 115 3965 4535 3437 5545 3167 2976 5879 1855 3410 5074 34 4084 5899 69 2162 4927 4840
Route #167: 3746 1957 432 3670 3313 5391 5281 2000 1567 4323 4513 2975 921 4157 1658 1812 4939 3165 480 1121
Route #168: 799 5652 3486 490 3908 3852 1569 3487 2267 5108 373 1898 5125 802 4048 2092 1082 40 561
Route #169: 91 1468 5195 1780 5303 5221 5312 4815 5288 4758 2777 3715 4530 1376 1510 164
Route #170: 1245 4812 5768 4857 2196 3885 4355 2651 880 1900 3785 1539 4551 4826 3708 3354 2853 5929
Route #171: 1847 2591 230 1102 5623 827 2239 1342 972 2859 836 2678 5053 993 1501 4680 227
Route #172: 1369 2528 2814 3104 776 5336 225 1208 4468 5238 871 1500 3182 3620 2982 1889 1024
Route #173: 3897 155 5951 3145 3550 2070 2409 5400 5199 3553 5948 2474 379 4367 2165
Route #174: 2894 539 2948 935 5282 5712 5233 4820 3586 4221 2721 1528 5664 2150 3705 1806 5645 1503 766 5138
Route #175: 4359 5661 2503 3188 3805 2970 3508 4376 3173 5682 745 3226 3516 3247 4861
Route #176: 899 5215 5316 4846 5371 3044 4246 2411 4557 30 1739 3047 3148 520 1663 2454 2213 3129 4375
Route #177: 2545 285 5802 3949 5600 2142 3262 3838 3098 2526 2383 2662 3747 5060 2083
Route #178: 5567 181 3423 3518 3888 2479 5154 3056 5923 4288 5186 380 1261 934 3716
Route #179: 4477 3957 3709 2407 3509 3706 1513 1923 549 1011 5246 2367 3667 652 1589 3890 1808
Route #180: 3502 758 3763 3669 1471 5896 3361 5129 4304 1485 4129 3558 4930 1556 4900 3810 3114 2139 4940 3977
Route #181: 3147 5991 5272 1778 5848 5591 2269 4368 3278 4895 4732 3619 1789 3804 431 1175 1608
Route #182: 2825 3196 876 3867 4316 4179 2986 3649 1476 3925 4931 140 5134 5635 856 3759 5830 4219 3392 2253
Route #183: 2514 5145 847 1664 4718 5115 4006 5389 2003 1460 973 3548 3935 3144 3227 2596 2104 5528 1051 2350 956
Route #184: 3172 1938 2232 1872 4398 294 1074 5314 4807 5482 3067 151 4324 53 3683 1553 5366 235 5640
Route #185: 709 63 4380 1440 2110 3213 264 774 1302 1109 100 2845 460 3154 3233 3260 286 2683 2807 2065
Route #186: 1965 161 4869 2671 207 2691 4097 419 2276 4771 1488 3954 3445 5931 1123 3827
Route #187: 1924 3834 2843 717 5654 3156 995 3652 353 2098 1370 1939 1014 3155 4093
Route #188: 1439 1111 980 4498 1110 997 5542 3585 3595 2057 5696 5549 5273 59 2301 4694 5415 279
Route #189: 712 720 5811 1125 242 5862 2359 1351 5083 4156 2792 2170 1927 3093 4384 5086 3322 4010
Route #190: 82 1529 2768 1260 4589 1016 2737 5206 1148 1289 5852 5380 2189 2234 1851 1420
Route #191: 2382 1343 4382 3615 1914 5563 1027 491 2223 1321 3481 4660 2266 4065 5369 1323 4225
Route #192: 3149 2778 2436 4995 1390 78 1968 1339 5500 3967 1360 2500 2338 3968 2471 3137 4408 3900 1989 4432
Route #193: 447 3818 553 2612 3960 590 2582 5031 4061 5530 5747 147 144 4012 1247 495 3084 4757
Route #194: 2184 4457 1702 924 1113 1829 4726 4005 914 435 1415 2297 2333 4218 565 3200 4540 5140
Route #195: 5643 2384 3163 2895 1667 1985 4917 742 801 3471 2128 458 2934 797 4178 1362 759
Route #196: 3631 5826 3848 5650 2628 904 2444 649 2330 5276 3311 1797 4228 1262 2915 1257 1769 121 3688 4123
Route #197: 1287 5496 2861 4182 5128 5143 2207 1229 2181 5329 5209 5491 3673 5535 1069 3234 1881 2525 4046
Route #198: 3138 4163 2695 3602 4929 3398 3061 3702 5679 1309 188 3865 1399 3987 1776 195 5328
Route #199: 4008 3150 3276 134 5758 2832 4125 3266 1318 2445 591 280 2977 2598 2870 940 2292
Route #200: 4605 5112 3918 3640 1120 4822 293 1297 1355 2951 814 364 5084 14 5260 3689 5629 2680 2229
Route #201: 2069 5979 2874 3930 2245 4701 2075 3211 2517 257 1465 2238 1414 2248 1466 3139 4891 5678 5474
Route #202: 2011 2486 5255 2574 1601 357 1521 1187 4362 1633 2645 5155 2949 2787 4552
Route #203: 5181 4926 5264 5325 2912 323 3951 1766 970 2522 1578 5515 3040 2130 367
Route #204: 502 3405 3672 4443 2080 2742 1626 1423 4764 5234 4045 1550 3064 5823 4622 1982 1419 4110 2208
Route #205: 1228 1034 4837 5192 2519 3596 3826 5452 2175 3331 4205 3634 3610 3570 2028 2771 2857 3824 5322 330 2174
Route #206: 3307 1145 2336 3178 5254 1860 3166 3512 3666 433 5161 5996 3981 5459 1935 2761 2735 1988
Route #207: 5519 1552 4587 3 1623 1186 2418 3979 5777 2352 4942 2483 2733 5694 3034 4495 4336 4325
Route #208: 3394 2146 2434 1372 4852 3170 3571 4459 3231 1211 4586 2076 4229 1710 5401 4303
Route #209: 2592 3360 4584 4120 4026 3186 1926 5819 1879 47 2195 2365 4849 5403 5037 24 1685 5603 4922
Route #210: 2108 4999 5010 1761 4100 1956 1441 3680 5576 245 1763 4295 4481 320 3016 4933 4664 543 327 5107 3253
Route #211: 1654 860 1397 2726 5790 1294 2149 3080 1259 3797 2892 2192 2463 1155
Route #212: 5709 916 3125 5552 582 4409 3636 5460 1142 4832 4194 4131 4824 2502 4454
Route #213: 90 3397 2470 5035 192 1002 4783 1139 4051 4786 4693 4405 4781 1811 1023 1919
Route #214: 3130 1026 3775 1745 3996 610 808 2766 4268 3055 4119 5779 2974 663 4386 2720
Route #215: 990 2226 307 1136 1537 4062 1143 2085 331 4870 747 5658 4579 510 258 4175
Route #216: 734 3950 5470 4285 578 52 1103 5672 1163 3870 5725 5248 2891 159 4277 5410 2799 4556
Route #217: 2955 2995 5078 338 2461 4697 3857 4496 960 3386 5894 5534 1832 3258 5049 3696 19 1755 1410
Route #218: 3438 2893 1428 229 2516 2906 1693 2752 5444 3828 2047 1671 770 5480 1310 818 3876
Route #219: 262 18 97 4248 2261 5265 4278 515 4499 5690 2035 5287 877 340 961 253 2060 4365 475
Route #220: 3601 4591 1944 4000 4710 5617 666 4958 5032 1338 4759 1530 5315 150 4317 2326 1859
Route #221: 3963 1531 4016 2943 5450 247 3523 58 5796 608 5201 5263 3299 2847 2531 2119 5198 706 3364 425 1960
Route #222: 4809 1028 3499 3454 4796 5671 3246 4776 541 3614 941 4413 4276 1655 3991 5349 3377 5699 3146 725 1492
Route #223: 4264 3089 1966 4705 580 4698 1029 3976 2770 1426 3372 1382 4427 1105 1430 2754 3184 2820
Route #224: 113 4949 3584 2956 4351 5131 3727 2644 1704 3869 1457 5644 4779 1799 251 751 3745
Route #225: 5104 1862 125 133 4810 4151 2966 4198 5464 5449 4901 1918 4361 337 3382 1998 4381
Route #226: 4363 5763 1681 3190 4965 4181 3206 5657 1189 1459 1151 304 2472 2071 529 1021
Route #227: 5761 5467 619 2197 4189 2389 4370 5605 3658 471 4052 2290 1206 584 1037 5570
Route #228: 2850 2293 4690 5615 5320 2331 5695 5700 611 3444 228 440 2649 3070 4993 1638
Route #229: 5239 77 271 1114 3207 4257 1587 1931 2059 1327 176 3272 3327 4168 4037 2488 2611 527
Route #230: 4606 2830 2066 5875 3490 644 1823 2198 4113 4996 3235 1785 5933 1013 2122 2163 817 1899
Route #231: 1912 4571 5136 1392 1432 246 2952 2349 3791 2137 2978 3472 4992 2570 3651 4751 3152 690 2393 1795
Route #232: 621 4833 4004 2923 62 3224 1793 683 269 2300 2875 3317 80 1061 5026 1416 4416 2594
Route #233: 5244 697 512 1954 5934 1237 2829 2235 1041 5187 5693 5872 3116 5399 1946
Route #234: 3668 3209 4577 4511 5662 370 5429 3388 1119 760 1949 3411 3478 5560 1144
Route #235: 1188 5414 633 4348 241 3052 139 5940 2346 1255 4762 1613 844 812 600 546 1097 4627 4104
Route #236: 4971 1864 3573 1133 1132 4261 2675 5427 5290 3312 1770 2319 1961 2918 2725 5160
Route #237: 5850 3928 85 1340 4377 1986 5703 2588 4767 4843 5241 3356 5692 5382 1970 3124 4028 2284
Route #238: 391 487 4423 4847 5540 3830 3466 1551 5953 2922 4152 5968 5301 5055 5829 2533
Route #239: 5067 5435 4420 318 2294 1117 4073 2506 1222 3530 895 1836 2366 401 3458 2260 5742
Route #240: 2324 3529 4906 1196 981 2722 5861 238 5517 3639 1719 4086 226 1768 957 4564 5502
Route #241: 1555 1035 319 1615 4687 2315 3855 2354 3431 343 4424 3297 3948 2547 5111 1809 4595 1365 2773
Route #242: 472 5025 4490 2225 5468 1819 3607 1883 4580 865 3118 4955 901 3110 2004 1971 5881 308 2258
Route #243: 402 4797 51 5812 2898 5061 881 571 2957 2983 5298 1128 5833 3808 3916 2375 685
Route #244: 2009 2040 3497 3208 1292 5719 838 5602 3337 1252 441 3161 4692 1183 4489 5321 2885 237 1748
Route #245: 1408 5982 1032 5171 4892 1226 4301 325 3807 2942 4385 3349 1101 4886 2896 5144 1751 2940 5166 2096 4023
Route #246: 103 2597 2079 152 4770 3738 3342 3929 157 1741 5425 5967 1134 4877 1008 5156 4449 2910 2527
Route #247: 2849 2627 3109 2316 1106 2698 2148 3813 574 2422 5222 4629 3613 4524 5062 3782 394 3627 5056
Route #248: 3329 5040 4296 1191 43 4666 1784 145 5956 992 5903 4713 2033 26
Route #249: 4191 3028 2485 2554 687 1481 5149 5411 5969 3286 4255 1359 2846 3467 2798
Route #250: 3440 4117 4197 1546 5980 2087 2012 943 5550 1007 1516 4592 4941 1215 3533 4446 4789 1577
Route #251: 173 1692 5697 2054 2992 2185 4527 5557 845 1911 5770 3664 4450 5185
Route #252: 4333 518 2067 1193 5218 1892 3712 700 218 4934 5920 3766 966 4083 1720 270
Route #253: 3273 2936 29 905 1140 2194 4951 5490 3023 2113 1086 3399 1994 5100
Route #254: 3459 4347 2757 521 3993 2709 2259 5188 2641 846 3462 4059 5159 4372 3540 494
Route #255: 729 2687 1363 1150 5481 5614 868 1248 2199 1990 5648 407 3721 4683 793
Route #256: 3296 1184 4863 2480 2747 2019 2431 4678 2140 4080 3351 3846 1348 3956 1204 1617 5126 2278 583 1645 5732
Route #257: 639 628 1870 2221 4018 3790 4171 5525 1314 2990 5815 915 2123 5818 618 5059 1884 1422
Route #258: 4725 2356 5840 5873 2622 4546 1087 4752 5417 5868 4291 3521 5279 4558 841 5688 3923 2112 2288 1448
Route #259: 3936 5704 821 102 2954 2759 4269 5751 2941 705 982 187 36 1635 5076 3316 4133 5064 3842 5012 2440 4406 4053
Route #260: 4686 1298 2250 429 1750 1639 4366 4925 1018 996 5684 4531 1842 641 1828 1572 4231
Route #261: 3218 3245 4962 949 4737 4560 1607 313 710 1217 4388 2097 2468 158 2796 4700 1149 1974
Route #262: 2697 5375 1452 1254 4960 3202 3945 4620 3811 3578 2116 1525 5454 550 1265 5357
Route #263: 3332 822 3157 393 5762 692 4216 5095 5764 2565 547 233 5326 3285 5069 3833 741 4661
Route #264: 746 3841 1200 2677 1873 2650 1060 3978 219 2556 5586 4881 4716 5487 4711 5997 3525 5943
Route #265: 50 3630 2387 2164 5784 321 2397 2888 1015 326 613 5072 5965 3033 733 3097
Route #266: 1670 4300 4279 5376 5213 3185 5729 2147 2699 809 5453 112 5331 459 2756 5687 3160 3704
Route #267: 142 2880 1684 5194 5594 3181 2884 3579 3835 427 309 1894 5124 477 3644
Route #268: 5938 5123 3133 4166 5458 5670 109 883 5023 274 1383 638 5277 3068 892 3552 3334 5597
Route #269: 2072 686 1893 3544 3657 2840 5343 5827 4516 2125 1514 1250 3774 4739 2380 2603 5047
Route #270: 1891 3046 3872 728 1478 5642 5800 1299 5702 3871 806 4787 4227 5388 1648 3744
Route #271: 2558 4727 908 5394 3496 5420 5866 2701 3374 2285 2518 358 1715 4656 1520 4512
Route #272: 3029 2688 3228 3195 1276 753 1244 2317 4582 42 420 4439 689 334 1427 5167
Route #273: 2552 653 615 5442 4523 4286 737 3324 5740 4299 3690 1642 2206 998 4963 1833 654 1326
Route #274: 27 3720 2575 5607 1394 2084 3119 780 2718 4453 5972 2138 1604 1213 4537 1490 1129 775 2899 5352 2155
Route #275: 3580 1307 1576 3926 5011 1047 2648 1896 5531 789 3795 3532 3460 781 3611 3999 2024
Route #276: 4389 4559 5494 5620 5752 1592 3131 1477 5698 5715 2182 2236 1840 1962 5877
Route #277: 857 3441 4880 5976 1058 107 4887 1078 552 1012 2246 3820 602 3994 4085 3193 5760
Route #278: 4682 2998 4183 5942 5498 4875 3681 1049 5493 3482 5237 2985 917 5883 5208 21 1059 4845
Route #279: 5647 2563 1858 1852 5995 3814 1831 1043 2134 4180 3092 2836 513 4935 20 3212 5033 452 4491 57 1549
Route #280: 519 483 3366 4924 4860 1673 3078 5908 4780 4378 4950 5405 1610 3783 677 2635 1091
Route #281: 1126 2821 3555 1190 5113 557 2215 617 4602 2577 1963 415 5773 163 4851 2133 4873 3320
Route #282: 5837 499 2501 3912 2634 767 4354 3102 2369 5890 3806 4976 1708 2450 2917 2102
Route #283: 1462 2653 4440 3290 1030 5472 866 267 655 2360 2355 5071 5219 281 5024 153
Route #284: 1616 2396 2532 2674 3391 2827 699 1920 889 1735 5117 851 4135 4538 1706 5422 3844 4461
Route #285: 1629 2344 333 597 1947 4944 5981 2106 4594 3204 105 4445 3225 2005 2658 1202 3453 4210
Route #286: 2616 4201 1449 2029 3891 3032 4340 5359 886 1628 5532 4108 2844 3931 1630 3004 1306
Route #287: 4 2614 3772 4915 4735 616 3700 5168 416 1624 1533 449 524 4401 3606 4222 2684 4047 953
Route #288: 3767 3112 1194 3335 4396 3819 4946 4675 5368 5723 4597 1356 259 680 3175 727
Route #289: 290 5639 4544 1662 3009 5065 3275 220 2568 605 2270 2103 4164 5655 1169 1096 3921
Route #290: 5716 3788 5390 4298 1672 596 3488 5101 5846 1595 4297 3256 5590 5558 5495 3911 1877 4247
Route #291: 3985 1160 4811 4858 5817 4203 3421 3514 1502 4974 1559 4220 2530 3742 551 1324 3353 2601
Route #292: 811 2001 5722 243 4644 1909 1141 2452 4090 5911 266 2727 3210 5810
Route #293: 5776 5646 5337 4733 99 4667 1236 3537 2015 4885 3588 2907 2809 3625 1405 5983 2584 2973
Route #294: 1167 3151 2979 476 1791 5975 2822 5880 2769 5621 4030 3713 661 2299 1046 830 5110
Route #295: 3902 790 1547 5302 396 486 1727 500 2908 5432 945 2400 5350 2967 4444 771 5367
Route #296: 671 25 190 4657 3293 1425 3217 5900 54 4844 714 2166 4177 537 4094 4972 1634 1697 3942
Route #297: 130 1231 2564 2507 5889 4696 1979 1790 807 4460 1653 3703 4326 4357 4234 4307 2520 3123
Route #298: 2095 1805 4896 2860 4116 1644 3883 3547 4853 3469 2219 182 5506 2789
Route #299: 2745 5225 3952 1508 3095 202 2867 3635 1118 1486 4470 4521 1743 5947 3503 375 1156 837
Route #300: 132 2034 114 263 715 3909 4542 891 3626 5966 1803 2546 2704 5917 3267 3380
Route #301: 1543 3264 4134 5285 5179 3787 929 3698 5508 2016 2414 5843 101 5355 2816 2618
Route #302: 3336 342 2089 1377 46 4637 1835 4003 5387 466 3528 4731 1464 128 3232 2490 5814 3367
Route #303: 3955 704 4042 213 5339 3947 4903 1108 5950 3511 750 3881 1347 4795 4254
Route #304: 464 4890 5769 3436 2705 2090 5904 362 2555 3789 1364 2091 2580 656 4426 4480 5118 2159 4688
Route #305: 2167 768 4991 2585 2392 341 1461 3971 5986 5231 3090 2027 566 4435 898 4442 4802 2046 3390
Route #306: 796 4862 3699 2560 5384 2063 4839 4033 413 878 1180 5849 2351 3566 3086 3665 4202 4338 4583
Route #307: 920 5203 3697 2586 70 1632 1319 287 16 2118 122 5258 92 64 3849 2457
Route #308: 4075 3122 2749 3269 5941 601 4525 918 4358 1232 5874 1472 5448 4465 4982 623 5360 4828
Route #309: 171 5547 5227 5381 769 4390 4214 534 1934 4027 5096 5197 4803 907 5806 1744 3215
Route #310: 1637 3076 4328 6000 5514 1336 4601 4673 4753 1496 626 1393 3674 4102 708 1619 792 3654
Route #311: 5905 4429 118 1541 1234 3363 1907 4360 587 2804 1764 3001 4543 5418 2101 4274
Route #312: 2672 378 3895 5020 3343 3230 4456 5362 4529 4170 2694 1796 3330 531 4230 4632 3845
Route #313: 3199 4337 2753 1312 939 2302 3642 4562 2173 2271 1389 224 3236 4494 4650 4311 3771 268 4319
Route #314: 5543 3021 2803 2707 3493 593 2498 2044 239 2291 4923 3739 4801 5354
Route #315: 559 5057 1538 1646 2190 2041 3587 589 946 5406 4623 4349 3732 3418
Route #316: 3265 4415 3197 506 1072 3632 316 986 305 3135 4155 392 3998 5006 348 5014 3412 5189
Route #317: 1532 2902 5799 903 1813 2429 647 324 5930 810 273 9 1146 2311 2233 3096 5378 3201 4510
Route #318: 2388 1747 4614 1621 813 355 1869 4729 4978 3661 2738 1162 823 5484 3538 5892 1834
Route #319: 3369 5851 5029 2303 385 2214 374 859 3406 2381 3274 67 4395 474 2914 5714 2466 4838 4984
Route #320: 1848 210 4211 4040 4800 1385 5068 4431 4572 4096 5898 3562 4709 3359 4674 5431 5412 5569 3714 4908
Route #321: 1197 4109 2484 2107 4983 4428 2776 5865 4239 1945 2864 5710 4778 3414 748 5999 2779 2263
Route #322: 1987 4977 4081 2900 5345 131 3953 1641 4217 4049 1996 185 2637 4590 93 3864 2018
Route #323: 4087 5524 3961 947 5351 2209 4536 4655 2289 4058 803 3428 4414 2023 2581
Route #324: 4975 5439 4936 4021 2666 4497 352 4322 4318 3035 5922 1964 5939 3192 5392 1445 4986 2933 5708
Route #325: 2569 5858 1210 2988 5973 3083 1157 5634 1475 4616 377 1122 5954 3242 5139 4485 1679 5175 351 2930
Route #326: 4599 467 594 3975 5478 4192 417 3449 5599 3013 864 5294 359 2277 72 4060 5430 3904
Route #327: 1288 3989 5584 4078 4077 1341 3140 2508 3341 787 5565 3333 5342 4829 4899 2679 456 1882 4879 1843 5332 2524
Route #328: 1212 3006 2711 5756 1463 962 3679 2329 45 3433 5691 1757 4989 2433 2100 4434 5822 3430
Route #329: 703 336 5701 1993 4534 5718 408 1207 2797 1614 1085 679 2109 4463 4267 4742 2587 2489 762
Route #330: 5022 3370 624 2748 3060 5775 1687 664 3041 2903 2370 4695 5636 657 5538 4293 347 1801 462 1138 206 930
Route #331: 5507 2152 3128 328 4804 3800 4186 3856 1781 4707 5013 5363 4035 1192 2160
Route #332: 5217 5372 2534 3796 3719 453 3608 3980 1081 2340 2298 4913 744 3609 630 1916
Route #333: 3120 2068 1315 5471 468 175 2624 2909 5001 1865 1878 4184 4768 5707 2337 2920
Route #334: 3725 346 4145 3650 5348 3840 4132 3024 2632 4036 1084 1830 5516 1413
Route #335: 585 906 5455 4190 2755 3829 4961 1733 1674 2481 174 200 3450 4799 2053 234 5504
Route #336: 530 1495 5169 3756 2913 489 4195 4043 2656 2646 1814 361 2052 1311 5340 5580 5685
Route #337: 5856 2406 5475 5469 3862 3237 3171 4172 4654 563 2991 209 2607 4569 5356 3164 5147 2050
Route #338: 3491 5859 492 511 301 1749 2111 4651 4374 117 2129 2247 488 829 61 1005
Route #339: 4897 1354 5882 5419 4270 2613 5831 5424 1992 5785 2714 5465 4945 1301 3111 2971
Route #340: 863 5585 1866 5675 485 1171 2736 5897 2826 4508 3592 3894 255 5269 3946 406 1333
Route #341: 5630 3836 2623 2417 3183 4671 3447 1100 2188 5210 4907 4287 1443 3403 1807 41 4817 1127 1826
Route #342: 3468 3079 5066 116 612 2322 3754 5438 4041 5794 1042 1062 1039 4821 5863 5466 4464 5247 197
Route #343: 800 1734 622 1173 971 3561 1580 3932 277 854 4057 4147 282
Route #344: 2386 2605 5573 4207 2447 2887 5286 496 994 3426 4130 2958 4872 5638 426 4369 4115 525 1153
Route #345: 5440 5082 1505 4199 3723 4699 2764 958 2055 1709 2451 4514 2862 1593 3048 411 4356
Route #346: 1225 3969 3494 933 4703 386 3598 3676 5183 372 442 835 3094 3010 4740
Route #347: 4290 4339 1350 3749 4743 2093 723 2379 3938 5191 398 1800 1112 4310 2788
Route #348: 5132 5825 4329 4744 5293 5436 4565 4206 1406 3017 643 4482 749 3416 3219 1284 1281
Route #349: 3257 1804 988 1271 660 676 5296 2151 2177 1953 4403
Cost 517808
