Route #1: 4421 3515 4441 399 5443 5193 3638 3425 2927 2282 4777 4959 2014 119 1195 1651
Route #2: 3545 1997 1618 2889 2373 5092 451 3568 5087 3899 3220 1827 4878 2868 1890 726 2204
Route #3: 1660 166 5674 1498 2946 4139 1158 4068 3631 5826 3848 5650 4874 4784
Route #4: 1065 1088 1375 3066 3776 5727 1063 4046 5855 2890 1594 2861 4182 1300 4344 1667 2895 3163
Route #5: 4502 3020 1881 3234 2525 5329 5143 5128 2207 1229 2181 5209 1069 3373 455 5824 106
Route #6: 2493 3085 2795 498 3973 4848 2013 4165 5921 3061 5491 3673 5535 3402 5887 3702 5679 1309 188
Route #7: 2541 3879 5165 1137 5097 154 1412 2544 5774 2685 1925 2492 3653 4754 4343 3817 5109 2994 2049
Route #8: 5328 195 1776 4947 5297 3407 4672 4473 2695 4163 5304 668 2855 635 1399 3987
Route #9: 2296 216 3007 5871 2938 3091 1395 222 4504 4478 165 5665 478 4260 4422
Route #10: 4979 2168 713 2987 5893 3920 4898 5323 3825 3751 2576 4243 5575 3633 5961 4486 4684 5633 149 421
Route #11: 3263 3214 5804 852 1384 4089 502 3405 1187 1521 357 5234 4045 5155 2949 4552 2787 2574
Route #12: 4980 3036 2248 1414 257 2517 2011 1601 5255 2486 1550 3064 381 4364 1951 4827 3982 4708
Route #13: 2460 3187 5627 2562 4110 1419 1982 2153 5935 2519 3596 5192 5823 4932 4064 5445 4622 2208
Route #14: 38 3134 4063 2410 3358 1228 1034 4837 1623 1186 2434 2418 3979 1988 2352 4942 3 4587
Route #15: 2735 2761 3981 5459 1935 3307 1372 1211 4586 2076 4229 2146 1710 5401 4303 3394
Route #16: 5996 5161 433 3666 3512 3166 1860 3571 5254 3178 2336 1145 2174 4459 674 3231 2592
Route #17: 1396 5220 4373 3589 5963 2767 3008 3851 3941 2950 5094 3142 104 2652 604
Route #18: 3901 4782 3798 5809 4621 5365 4532 1760 2051 670 5151 4702 1031 4137 1901 5028
Route #19: 5720 4100 1761 2108 4897 2714 5785 1992 1763 4295 4481 2442 3000 5386 1095 1282 5663 646
Route #20: 5424 5831 2613 933 4703 386 4743 3494 372 4339 4290 442 835 1800 4270
Route #21: 3010 3094 5183 3676 3598 2093 723 2379 3938 5191 398 5465 1301 3111 2971
Route #22: 3894 4945 5440 5082 1505 1225 4740 3969 1155 1654 245 5576 3680 1441 1956 5010 4999
Route #23: 2463 2192 2892 3797 860 1397 2726 5790 2149 5709 1294 1005 61 829
Route #24: 4454 2502 4824 4131 4194 4832 1142 5460 3636 4409 582 5552 3125 916 3097
Route #25: 90 746 4661 4051 4786 4693 1002 192 5035 2470 4405 4781 1811 1023 3397 1919
Route #26: 4739 2380 3841 1200 2677 1873 2650 1060 3978 219 2556 5586 4881 4716 5487 5326 610 1745 3996 1139
Route #27: 808 2766 4268 3055 3285 233 692 5762 393 3157 4216 5764 2565 547 2974 5095 663 5779 4119
Route #28: 4870 331 4062 1143 2720 4386 1635 5076 3316 36 1572 4231 1639 1298 4686
Route #29: 1750 4366 4531 5684 996 1018 4620 3811 3578 2116 1525 5454 550 1265 5357 822 3332
Route #30: 2697 5375 1452 1254 1217 710 313 1607 4560 949 4962 3245 3945 3202 4960 3218
Route #31: 510 1136 4579 5658 747 641 1828 1842 1974 1149 4737 4700 2796 158 2468 2097 4388 4925 429 2250
Route #32: 734 990 2226 3950 5470 4285 578 52 1163 1103 5672 307 4175 258
Route #33: 4556 5078 338 2461 1755 19 5049 3696 4496 960 3857 4697 5248 5725 3870 2891 159 4277 5410 2799
Route #34: 4053 3842 5064 5012 2440 4406 705 2941 2955 2995 3258 1832 3386 5894 5534 229 1428 2893 4269 5751 1410 3438
Route #35: 3936 5704 821 5444 2047 1671 770 818 1310 5480 4248 2261 2516 1693 2752 2954 102
Route #36: 97 4000 1859 2326 4317 150 5315 1530 4759 1338 5032 4958 666 1944 4591 3601 18
Route #37: 3963 1531 4016 2943 5450 247 3523 58 608 5201 5263 3299 2847 5198 706 3364 1960 425 3499 1028
Route #38: 4809 2119 2531 1492 725 3146 5699 3454 5671 4796 343 3431 4424 5111 3297 3948 2547 1809 4595
Route #39: 1918 5104 1862 125 4810 133 4901 5449 5464 3246 4776 541 3614 941 4413 4276 1655 3991 5349 3377 580
Route #40: 4264 3089 4705 1966 1029 3976 2770 1426 751 3745 3372 1382 4427 4698 1105 1430 2754 3184 2820
Route #41: 113 1704 3869 1457 5644 4779 4198 251 1799 2644 3727 5131 4351 2956 3584 4949
Route #42: 2004 3110 901 4955 3118 865 4580 5617 4710 1883 5796 4151 2966 472 5025 4490 2225 5468 1365 2773 1819 3607
Route #43: 685 1183 2375 3916 3808 3296 5833 1128 5298 2983 2957 571 881 5812 2258 1971 4797 51
Route #44: 4692 1617 1204 3956 5126 1150 5614 583 1645 5732 2278 5481 1363 2687 729 3161 441 3337 5171 4892
Route #45: 1226 4301 1101 3349 4385 325 3807 2942 5156 1008 4877 1134 5967 2597 2079 3738 4770 152
Route #46: 2849 2627 3109 2316 1106 3342 5425 1741 157 3929 2148 2698 3813 574 2422 5222 394 3627 5056
Route #47: 4629 3613 4524 5062 43 1215 4666 1784 26 1191 4296 5040 3329 3782
Route #48: 4941 2033 4713 145 3533 4446 4789 4450 1692 4683 3721 407 793 5185 1577
Route #49: 5648 1990 2199 868 1248 2992 2054 5697 3664 5557 845 1911 5770 4333
Route #50: 4527 518 2067 1193 5218 1892 3712 700 218 4934 5920 3766 966 4083 1720 270
Route #51: 2185 4951 5490 3993 2709 2641 5244 521 2757 4347 1140 905 29 5100 2936 3273
Route #52: 1994 3399 1086 2113 3023 2194 2259 5188 846 3462 4059 5159 4372 3540 494
Route #53: 3497 3208 4023 2096 5166 2940 103 3459 173 4449 2910 2527 5144 1751 2896 4886 1292 5719 5602 838 2040
Route #54: 1748 5321 4489 1184 4863 2480 2747 1348 628 1870 2221 5818 618 1252 1032 5982 1408 2885 237 2009
Route #55: 2123 5815 2315 5761 4363 4381 1998 1681 3190 4181 4361 337 3382 3855 2990 1314 915
Route #56: 1899 817 3206 5657 1189 1459 1151 529 1021 2071 2472 304 4965 5763 5467 2163
Route #57: 1555 4564 957 1768 226 4086 1719 3639 5517 2137 3791 246 2952 2349 2830 4606 4571 5136 1432 1392
Route #58: 1035 319 1615 4687 238 4992 3651 683 1793 3224 2923 4004 5829 621 690 3152 2570 1795 2393 5502
Route #59: 697 512 1954 2594 4416 3116 5399 1946 80 1061 5026 1416 3317 2875 2300 269
Route #60: 5872 5693 5187 1041 2235 2829 1237 3209 760 1119 4152 3388 5429 370 2725 5160
Route #61: 4028 3124 1970 5382 5692 2918 5953 3466 1551 3830 5540 4767 2588 4843 5703 1986 4377 1340 85
Route #62: 5850 2284 3928 4423 487 391 4847 5241 3356 2922 5662 5414 4577 4511
Route #63: 4971 1864 3573 1133 1132 4261 4104 4627 1097 546 600 812 844 1613 3052 241 4348 633 1188
Route #64: 1961 2319 1770 3312 5290 139 5940 2346 1255 4762 5427 2675 1949 3411 5934
Route #65: 5435 4420 2294 318 2533 4751 4833 62 5055 5301 5968 3668 3478 5560 1144
Route #66: 3458 401 2366 1222 3529 5861 2722 981 1196 4906 4073 1117 2506 3530 895 1836
Route #67: 5067 2324 5742 2260 3472 2978 1037 5570 584 4052 471 1206 3658 5605 4370 2197 619 1912
Route #68: 2290 1638 4993 5933 1785 3444 2331 5320 228 440 2649 3070 5615 4690 2293 2850
Route #69: 4113 4996 3235 2198 1823 611 5695 5700 3327 4168 4037 2488 77 271 1114
Route #70: 5239 527 2611 1931 3207 4257 1587 2059 1327 3490 644 176 3272 5875 2066 1013 2122 2389 4189 2354 3846
Route #71: 1422 1884 5059 4018 3790 4171 5525 4080 2140 4678 2431 3351 2019 5061 2898 402
Route #72: 2112 3923 5688 841 4558 5279 3521 4291 5868 5417 4752 1087 4546 2622 5873 639 5840 2356 4725
Route #73: 1448 2288 308 5881 262 3876 3828 2759 5265 4278 2906 877 340 961 253 2060 4365 475
Route #74: 3130 3775 4783 741 3833 5069 2085 1537 4133 187 982 5287 2035 5690 4499 515
Route #75: 50 3630 613 326 1015 2397 2888 2387 2164 5784 321 1026 4711 5997 3525 5943
Route #76: 1670 733 3033 5072 5965 4300 4279 5376 5213 3185 2147 112 5331 5194 2756 459 4374 5687
Route #77: 142 2880 3704 3160 1684 5594 3579 3835 427 309 1894 5124 477 3644
Route #78: 5597 2884 3334 4516 1893 3544 3657 3744 5343 5827 892 3552 3133 5123 5938 3181
Route #79: 1058 107 4887 1078 552 2246 1012 3872 728 806 1520 4512 4787 4227 3046 5388 1648
Route #80: 2558 4727 3871 5702 1299 5800 5642 1478 4656 908 5394 3496 5420 1962 5877 4880
Route #81: 857 3441 5866 2518 5167 1427 2701 2285 334 689 2317 42 420 4439 358 1715 5976
Route #82: 4582 615 5442 4523 4286 737 3324 5740 4299 3690 4453 2718 780 3119 1642 2206 998 4963 1833
Route #83: 27 1326 654 3720 2575 5607 1394 2084 5972 2138 1604 2236 1213 4537 1490 2182 1129 775 2899 5352 2155
Route #84: 2024 3611 3131 5752 5620 5494 1047 2648 1896 5531 789 3795 3532 3460 781 3999
Route #85: 753 3580 4559 4389 1307 1576 3926 5011 1592 1477 5715 5698 653 2552 1840 1244
Route #86: 3681 5760 5237 3482 5493 1049 3820 602 3994 3193 4085 2840 1891 3374 1276 3195 3228 2688 3029
Route #87: 4183 2072 686 1383 274 1514 1250 3774 109 5670 883 5023 5458 4166 638 5277 3068 2125
Route #88: 4682 2998 5942 5498 4875 4651 2985 917 5883 5208 21 1852 4491 1858 2563 5647 1059 4845
Route #89: 1549 57 452 5033 3212 20 4935 5995 2836 3092 4180 2134 4924 4860 3366 1043 483 1831 3814 519
Route #90: 2635 677 3783 5405 4950 4378 4780 5908 3078 1673 2577 4602 617 2215 557 5113 513 1091
Route #91: 3320 1126 2821 3555 5773 415 1963 1708 4976 3806 3102 4354 2369 5890 163 4851 2133 4873
Route #92: 3725 346 4145 2634 3912 767 2501 1462 2653 4440 4036 1084 1830 5516 1413
Route #93: 5504 234 2053 585 4799 200 3450 4190 5455 906 2755 3829 4961 1674 1733 3650
Route #94: 5837 499 2102 2917 2913 489 3756 4195 2656 4043 174 2481 2450 1190 1610
Route #95: 5580 5340 1311 2052 1814 2646 5169 1495 530 4172 3171 3237 3862 5469 5475 2406 5856
Route #96: 2129 117 2247 488 2699 5453 301 1749 2111 511 361 5685 3164 5147 2050 492 5859 3491
Route #97: 255 4508 5419 1354 5882 1259 3080 5047 2603 809 5729 4818 414 4310 2788 1112 4744 4329
Route #98: 5585 1866 5675 485 1333 406 3946 5269 3592 2826 5897 2736 1171 2188 1100 3447 4671 2417 3183
Route #99: 1826 863 1127 5210 4907 4817 41 4287 1807 3403 1443 4356 5863 5466 4464 3836 2623 5630
Route #100: 3468 3079 1039 1062 5066 3048 116 612 2322 3754 5438 4041 1042 411 4821 5247 197
Route #101: 5794 800 1734 622 1173 971 3561 1580 3932 277 854 4057 994 4147
Route #102: 2386 2605 5573 4207 2447 2887 5286 496 282 3426 4130 2958 4872 5638 426 4369 4115 525 1153
Route #103: 2802 5522 1875 4199 3723 1709 2451 4514 1350 3749 2862 2055 958 1593 2764 4699
Route #104: 5132 4806 481 3126 2682 1591 4223 5825 1534 5293 5955 5274 1371 1695 3376 4312 3892 702
Route #105: 4588 2191 5200 5592 1075 4836 3457 5284 1406 3017 2670 772 4099 3583 12 1455 2114 4280 4642
Route #106: 310 1600 2504 2332 4320 4952 3016 4565 5436 5994 4206 1090 2499 1135 1022 4985 463 5434
Route #107: 110 320 2220 4167 5728 4314 4717 1367 2275 1683 5613 5711 2993 493 1442 2911 2655 1517
Route #108: 2028 3570 3610 4026 1742 2790 691 1 681 1402 2513 3186 295 735 5808 4205 3634
Route #109: 2841 984 3692 4249 985 5801 4662 2026 484 1885 2537 5520 572 1933 1316 3581 4153 1454 3331
Route #110: 4918 983 3826 5452 2175 5819 543 1879 47 2195 2365 4849 1685 5603 4922 4905 4677 2186 3784 4831 3896
Route #111: 4038 2989 4091 825 3422 4419 4547 24 5037 5403 4933 4664 1926 5107 327 3253 2857 5322 330 3360
Route #112: 3799 1433 4001 5519 1552 4852 3170 4120 2771 3824 4584 5777 2483 2733 5694 3034 4495 4336 4325
Route #113: 2446 5216 2617 37 3005 1929 5511 2817 3940 3575 2421 2497 48 2395 5000 3752
Route #114: 3707 4704 2869 2886 4522 3582 3873 5091 4859 3254 4394 3014 3934 3959 1497 3913
Route #115: 2443 4466 371 1980 2419 4669 3628 2058 2509 1178 4894 831 3780 1238 4608 4658 2007 2782
Route #116: 1902 5270 3489 1856 2567 2794 5782 4009 4050 3451 2313 4224 3726 5857 3159
Route #117: 4613 1585 5512 479 1057 2325 1361 556 1952 3898 3368 2361 1943 1565 884 4567 3446 86
Route #118: 4008 3150 3276 134 3750 1773 2357 5758 2832 4125 5260 3918 5112 4605 3357 3404 1104 2710 2548
Route #119: 5474 5678 4891 3930 1120 3640 364 14 5084 814 2951 1355 1297 4701 2245 293 4822 3139 1466
Route #120: 2874 5979 2069 2229 2680 5629 3689 4362 1633 2645 4764 1626 1423 3211 2075 1465 2238
Route #121: 5181 4926 5264 5325 2080 4443 3672 2522 5515 3040 2130 970 1766 3951 323
Route #122: 2912 811 2001 2601 2530 3742 4220 290 727 3175 551 1324 3353 2742 1578
Route #123: 680 259 1356 4597 5723 5368 4675 3767 4946 3819 5983 3335 3112 953 4047 3625 1405
Route #124: 1194 2684 3606 2534 5168 3700 616 699 2396 4735 4915 3772 449 524 4401 5217 5372
Route #125: 2532 3391 2674 153 5024 2340 2920 5707 2337 1081 3980 2355 5071 281 5219 2827
Route #126: 5472 866 267 655 1865 5001 5471 468 175 2624 4768 2909 4184 1878 2298 3608 2360
Route #127: 1920 1030 3290 5348 3840 4132 3024 1315 2068 2632 3120 4913 744 453 3719 3796
Route #128: 333 597 3453 1202 2658 105 4594 2106 1616 851 4135 4538 1706 5422 3844 5981 4944 1947 2344
Route #129: 1629 4210 5532 1628 886 5359 2029 1449 4201 2616 1306 3004 1630 4108 2844 3931
Route #130: 4340 3891 3032 3225 2005 3204 4445 4461 4 2614 5117 1735 889 1624 1533 416 4222 2809
Route #131: 1791 5975 2769 5621 4030 3713 661 2299 4885 2015 1046 830 3588 2907 2152 5507
Route #132: 1167 3151 476 5880 2822 5367 771 4444 2967 486 396 5302 1547 790 3902 5110 2979
Route #133: 5350 2400 945 5432 2908 500 1727 25 190 2166 4177 4094 4972 1634 1697 3942 671 3856
Route #134: 4657 714 3293 4844 54 5900 3217 1425 1790 1979 4696 1653 5889 2507 2564 1231 5013 130
Route #135: 762 1687 4035 5363 656 362 4460 807 2555 3789 1364 2091 2580 4426 2109 4463 4267 4742 2587 2489
Route #136: 930 206 3370 2160 624 2748 3060 5775 2370 2903 664 3041 4695 5636 657 5538 4293 347 1801 462 1138
Route #137: 5022 1192 4480 5118 679 2159 4688 2027 566 898 3090 5231 5986 3971 4442 4802 4991 2585 2392
Route #138: 341 1461 4862 3699 2560 4923 3739 2041 3587 589 946 1538 1646 5057 2190 559
Route #139: 374 859 3201 5378 3096 2233 3135 305 986 316 1072 506 3197 2797 3418 3732 4349 4623 5406
Route #140: 748 2107 4109 2484 4674 3359 5431 5412 5569 4908 3714 4572 4431 5068 1385 4800 474 4395 67 385 2214
Route #141: 1197 2263 2779 5999 4983 4428 2776 5865 3414 4239 4077 1945 5710 4778 5584 1212 3989 4078 1288
Route #142: 2864 1987 4977 4081 2637 5342 4829 352 1964 5939 4497 1641 4217 4049 185 4590 93 3864 2018
Route #143: 5922 4322 3035 4318 5973 3083 1157 4485 1679 5139 5954 3242 5175 2988 1210 5858 2569 456 2679 4899
Route #144: 4599 467 594 3975 5478 5634 1122 377 1475 4616 5599 3013 864 5294 359 2277 72 5332
Route #145: 2524 3904 5430 4060 4879 1843 1882 417 4192 3449 351 2930 3192 5392 1445 4986 2933 5708
Route #146: 4021 4936 2666 4087 5345 3953 131 947 3961 2900 5524 2023 2581 4975 5439
Route #147: 1341 3140 3333 5565 787 2508 3341 4414 3428 803 4655 4536 2289 4058 2209 5351 1996
Route #148: 5691 3433 4838 1848 210 4211 4040 3562 5898 4096 4709 5756 2711 3006 1463 962 3679 45 2329
Route #149: 703 336 3430 5822 4534 3369 5851 2914 5714 2466 4984 1757 4989 2433 2100 408 4434 5718 1993 5701
Route #150: 5029 2303 1207 2388 4510 1747 3406 3274 2381 4614 1621 813 1869 355 3538 5892 1834
Route #151: 2311 1146 5189 3412 5014 5006 4155 392 4729 4978 3661 823 5484 2738 1162 348 9 273 810
Route #152: 5384 2291 2902 903 5799 3265 4415 3632 3998 5930 324 647 2429 1813 1532 2063
Route #153: 3086 3665 878 413 1319 4839 4033 1632 70 2586 3697 920 5203 2351 5849 1180 3566
Route #154: 4583 4338 4202 287 16 2118 122 5258 92 64 5381 769 4214 4390 5514 1336 4801 4601 4673 4753
Route #155: 5905 4429 118 1541 1234 3363 1619 708 1393 1496 626 3674 4102 4328 6000 3076 1637
Route #156: 1907 4360 587 2804 1764 3001 4543 378 2672 3895 5020 3343 3230 5362 4529 4170 2694
Route #157: 3845 4632 593 2498 1796 3330 531 4230 2302 3642 4562 2173 268 224 3236 4494 4650 4311 3771 4319
Route #158: 5543 3199 4337 3021 2707 3493 2044 239 4456 2271 1389 939 2803 1312 2753
Route #159: 5354 5418 2101 4274 4803 4828 5360 5874 1472 5448 4465 4982 2457 3849 792 3654
Route #160: 1744 3215 907 5197 5096 4027 1934 534 5227 1232 918 4525 601 5941 3269 5806
Route #161: 4075 3122 2749 171 5547 4358 623 796 1614 1085 1805 2095 4435 2046 3390 768 2167
Route #162: 182 2219 3469 837 4853 3547 3883 1644 4116 2860 4896 5506 2789
Route #163: 1156 375 3503 5947 1743 4521 4470 1486 2090 5904 2705 3952 1508 3095 202 2745 5225 3635 1118
Route #164: 464 4890 4795 1347 3436 1803 2546 2704 5917 3267 3380 2034 114 750 3881
Route #165: 4254 3511 5950 929 3698 128 3787 3264 1543 263 715 3909 4542 4134 5285 5966 3626 891
Route #166: 3955 704 4042 213 3947 4903 4731 1464 3528 5387 4003 1108 1835 4637 46 1377 2089 342 5339
Route #167: 3336 3367 5355 101 2016 5508 466 2414 5843 3232 2490 5814 2816 2618
Route #168: 1781 4707 3123 4307 4234 4357 4326 3703 2867 5769 5179 132 2520 537 4186
Route #169: 605 2568 220 3275 5065 3009 4396 3800 1916 630 3609 4804 328 3128 2584 2973 5639 4544 1662
Route #170: 1559 4974 1502 3514 4858 5655 4164 2103 2270 3788 4247 5716 3921 1096 1169 3421 4203 5817
Route #171: 1877 5390 4298 1672 596 3488 5590 3256 4297 1595 3985 5101 5846 4654 2607 4569 5356
Route #172: 5911 266 4090 2452 1141 1909 5722 4644 243 4811 1160 2991 209 563 5558 3911 5495
Route #173: 367 3210 2727 3537 1236 4667 99 4733 5337 5646 5776 5810 1006 3344 1511 454
Route #174: 4122 5612 5393 5262 3701 1656 5990 1001 1772 1984 3053 1258 938 1285 1293 940 1470 446
Route #175: 5918 1725 2984 2428 5844 2664 1571 2292 1535 599 2469 2621 3574 2921
Route #176: 6 5130 2647 5016 942 3748 548 2549 562 1861 1076 1711 3526 976 1273 3294 5705
Route #177: 1079 2598 2977 280 2870 591 3266 3138 1318 2445 3288 3602 4929 3398 3865 3243 232
Route #178: 1473 2249 1913 2377 2128 3471 801 742 4917 1985 458 5521 4240 5207 4188 1740
Route #179: 4200 5909 1895 2184 1147 1335 3645 2372 3753 1313 3413 3965 1874 3308 4927 2162 5899 69 4840
Route #180: 5074 3410 5879 1855 34 4084 2976 3167 5545 3437 115 4535 4457 3647 2572 5236 5391 5140 4540 3200
Route #181: 5281 2000 1567 4323 4513 2975 921 4157 1658 3084 4757 1812 565 4218 2333 2297 480 1121
Route #182: 4939 3165 5652 799 561 40 1082 2092 4048 802 5125 3908 490 3486 4012 914 1247 495
Route #183: 3852 373 5108 2267 5768 5929 2982 2853 3620 4857 3925 4931 140 5134 5635 856 5830 4219 3759 1898
Route #184: 2196 3885 3354 3708 4826 4551 1539 3785 1900 880 4355 836 2678 5053 1501 4680 993 227
Route #185: 1889 1024 1847 2591 230 1102 5623 827 2651 2859 972 1342 2239 4758 1569 3487 5288 3104 776
Route #186: 2825 2986 3897 2165 4367 379 5712 5282 3649 155 5951 3145 1208 225 5336
Route #187: 5233 4359 5661 2503 3188 3147 1608 1175 5991 3805 2970 3508 4376 3173 5682 745
Route #188: 934 1261 3423 3518 3888 380 5186 5154 3226 3516 3247 2479 4861 3047 1739
Route #189: 899 5215 5316 4846 5371 3044 4246 2411 520 4557 30 3148 1663 2454 2213 3129 3262 2142 4375
Route #190: 2545 285 5802 3949 5600 3838 3098 2526 2383 2662 2083 5060 3747 181 3716
Route #191: 5567 4288 3056 1778 5848 5591 2269 4368 5923 2407 3509 3706 549 1923 1513 3890 4477
Route #192: 1808 1589 652 3667 4129 5246 1011 4900 2367 1556 4930 3558 1485 4304 5129 3361 5896 1471 3669 3763
Route #193: 3502 758 3977 4940 3114 3810 2139 3278 3709 3957 4895 4732 3619 1789 3804 431 5272 4820
Route #194: 2894 539 5138 766 1503 5645 1806 1528 2721 5664 3705 2150 4221 3586 935 2948 3867 4316 4179
Route #195: 3196 876 2474 3553 5199 5400 2409 3182 2070 1500 3550 5948 871 1476
Route #196: 164 1510 3715 2777 5312 4815 5221 5303 1780 2814 4468 5238 1369 2528 5195 1468 91
Route #197: 1851 1420 82 59 5273 3595 3585 5542 997 1110 1111 3392 4812 1245 4530 1376
Route #198: 4225 1323 5031 2234 2582 5380 5852 2189 3481 1321 2223 491 4065 4660 2266 5369
Route #199: 3149 2778 2436 5747 4995 2382 1343 4382 1027 1914 3615 1390 78 1968 1339 5500 3967 1360 2500
Route #200: 4432 1989 3900 4408 3137 2471 3968 2338 447 3818 553 2612 3960 590 4061 5530 5563 144 147
Route #201: 5549 5696 1529 2057 2359 1351 5083 4156 2792 2170 1927 3093 4384 5086 3322 4010 712
Route #202: 4006 5389 2253 1439 980 4498 720 5811 5862 1125 2737 5206 1148 1289 242 1016 4589 1260 2768
Route #203: 973 3834 2843 717 1014 4694 1939 1370 353 3652 995 5654 3156 2003 1460
Route #204: 2065 2683 235 5366 3683 1553 956 1051 5528 2596 2104 279 3155 5415 2301 2098 3548 3935 3227 1123 1488
Route #205: 1924 3827 5931 3445 3954 4771 4097 2691 207 2276 419 2671 4869 161 1965
Route #206: 709 3172 1938 2232 1872 4398 294 1074 5314 2110 3260 286 1440 4380 63 5640 2807
Route #207: 5482 3067 151 4807 4324 53 264 3213 774 1302 1109 100 2845 3154 3233 460 2350 4093 3144 1664 4718 5115 847 5145
Route #208: 5041 214 436 4448 3746 1957 432 3670 3313 1702 924 1113 1829 4726 4005 435 1415 2514
Route #209: 1456 757 3554 123 5077 885 2626 568 2916 5135 2342 3905 32 853 473 3099 1331 3292 5249
Route #210: 3590 3986 1328 3427 231 629 2557 2385 5828 1625 3539 5637 3910 3065 3718 465 3251 5488
Route #211: 121 1769 1257 2915 1262 4228 1797 3311 5276 2330 649 2444 904 2628 4178 2934 2384 797 5643 1362
Route #212: 2715 254 517 2412 2606 5821 1287 5496 759 3688 4123 2642 3737 5038 2960 5750 785 5122 3018
Route #213: 2785 5568 5962 5178 533 979 4082 4876 4823 2459 3939 178 968 5202 1003 1676
Route #214: 5673 1627 2774 1264 786 5579 1332 1603 2368 5924 3400 3623 2668 4548 3966 2599 1698
Route #215: 1798 2156 1991 4720 2633 4600 721 815 5744 1403 1218 1159 2848 5437 5766 4332 5895 1721
Route #216: 5377 5319 779 2006 1467 1718 2663 869 2654 5952 3617 4484 3255 3141 850 179
Route #217: 5888 2996 296 2327 4148 579 306 577 3794 3483 5080 514 4029 1518 4056 2115 4501 1048 322 1305 10
Route #218: 4882 1666 4554 2897 5537 2579 540 28 2728 1453 5606 724 1786 4071 1700 542 5574 4399 1787 418
Route #219: 3205 5317 5344 2595 1068 1004 3475 1469 509 4855 5726 5741 5157 669 5486 2693 840
Route #220: 2686 5397 991 5820 5456 3762 4352 5457 1526 522 2304 4275 5949 4451 215 4724 482 4813
Route #221: 2872 2487 4070 3484 1602 3011 1690 5556 1279 4342 5402 3132 4647 4393 4266
Route #222: 3565 1737 4391 1283 1973 4630 3057 4618 3816 240 428 248 2348 252 4610 5070 1437
Route #223: 2708 2478 1731 2669 1447 3944 3241 5261 4943 1712 3564 2609 5252 1388 1198
Route #224: 4763 2205 4397 4825 3880 3943 5235 3536 5689 3127 1019 4483 3339 1349 3958 3597
Route #225: 4079 1612 3621 1352 5090 55 4334 1269 4679 5085 5601 2061 438
Route #226: 5581 5275 288 5088 1067 4715 4641 659 5625 2690 4313 5805 4730 5666 5622 2760 1025 1849
Route #227: 3591 1605 4271 1839 1596 609 1561 4013 4792 3839 329 3415 2171 1545 2947
Route #228: 862 2256 1782 2961 3239 5566 3686 2758 5146 3074 4410 5271 1170 4044 3039
Route #229: 2157 2334 5816 5292 1320 2427 2265 3306 1915 3393 5176 2425 5050 5358 1820 5501 1777 2905
Route #230: 5907 4750 5839 5324 2935 955 2039 3378 4834 1479 1921 1165 3903 743 2981
Route #231: 4371 4921 5408 965 1070 867 5788 4509 5803 1522 1515 3045 5869 5152 1678 3884 3777
Route #232: 2551 4144 4659 3534 5789 4670 739 3284 507 2403 2808 3710 3802 2828 4519 5232 3556 1322 1566 3277
Route #233: 387 2310 3323 1409 2944 5079 2295 872 3025 2550 3169 5485 1017 1824 3158
Route #234: 1930 3962 3300 1509 2712 5998 3519 124 5164 1053 944 4681 5383 4914 3504 538 4204 444 1888 3244 5891
Route #235: 909 1568 5944 1822 3194 5759 2583 3854 1657 4067 3309 3671 1940 2793 4452 5791
Route #236: 5772 4570 5212 1174 4609 1398 3914 3259 632 89 4721 2510 5919 3480 4964 4169 2740 2136 922 5792
Route #237: 4031 1863 4305 5571 5141 3352 3019 849 2716 2781 1905 4272 2831 3280
Route #238: 2561 1818 2144 2702 2969 794 2476 4528 3779 5548 4185 2783 964 4107 2124 4624 298 1387
Route #239: 3877 969 4160 4665 4154 3375 4088 3972 1724 2780 5426 3136 648 3823 2719 1680 1563 2105 1099 4714
Route #240: 1417 1050 913 1033 1850 5409 4245 848 3906 1378 403 4842 3887 5184 2021 2819 1817 2309 44
Route #241: 2032 1482 2945 4331 4790 926 4902 544 5901 2496 3051 701 620 3524 4212 2177
Route #242: 1290 5787 5721 4289 66 4471 1411 528 4162 5681 1451 5974 5030 4193 4755 2453 5306 33
Route #243: 676 1804 988 1271 3219 3416 1281 1284 749 4482 643 3442 5588 4309 1185
Route #244: 160 4124 1981 2629 902 4019 4643 2477 3179 2659 2931 256 3071 2132 424 2151 5214 660 5296 3257
Route #245: 1948 4808 3301 4208 3113 731 4816 2321 3325 1573 5046 1953 1707 3860 4969 363 2813 5985 5677 4920
Route #246: 2980 443 4585 4798 3764 3303 3517 1867 3038 4607 532 1967 3717 3770 5680 4760 183 1209 4912 4953
Route #247: 4515 672 2312 1736 2283 3543 1977 948 3476 1308 4814 2602 3003 5205 3289
Route #248: 698 4315 2963 2358 3027 4235 2540 5651 3443 56 1688 5609 1928 3304
Route #249: 2241 3541 2772 2734 3874 5223 5884 4174 1401 3878 236 1493 7 2573 4425 5867 4469 4835
Route #250: 4646 607 5374 3452 5724 4321 1771 5755 4143 4039 3822 2643 4474 3287 2962 4967 4549 1094 2335
Route #251: 5116 5280 2308 1083 3279 5180 5845 5733 773 445 882 2281 1093 1251 1243
Route #252: 275 1431 2048 5619 5311 168 2187 4158 1906 1716 4734 2364 3069 3821 1958 4566 201 3389 5641 5838
Route #253: 189 412 300 4488 3252 3383 5551 2257 2805 5546 1844 284 5745 5278 828
Route #254: 3318 3599 5346 5242 297 312 3295 5786 695 136 5746 3291 2117 3682 65 2415
Route #255: 554 5226 1241 2343 5021 569 4625 5196 3662 3527 3678 5245 3439 896 3176 2928
Route #256: 2126 5361 1652 5007 3042 5668 3853 4819 167 1038 1570 196 170 5582 5757 5572 5003
Route #257: 3618 3319 4636 5099 4728 3641 3495 3863 5335 2430 2620 4105 1280 4712 3757 5334 912 1263
Route #258: 5598 4854 5778 3693 3396 3409 22 3216 3643 937 3315 2127 694 1278 2723 49 5526
Route #259: 1325 2203 1584 5987 2378 2879 5305 4250 5870 5489 5854 400 2064 4121 95 3283 1575 5971
Route #260: 2660 3326 555 2022 4072 1036 3347 13 315 2345 3022 536 5395 627 1152 2824 2851 1272
Route #261: 682 3012 1166 3298 5396 764 5915 169 4785 2094 2495 1978 4140 3801 5177
Route #262: 335 4505 4747 2020 448 3560 5626 5754 4649 1223 1527 1609 5256 4948 3338 5913 1233
Route #263: 3531 2286 3440 2798 4117 1359 2485 2554 687 3467 2846 3028 4191 1444
Route #264: 2216 5980 2087 1546 4197 1007 5550 943 2012 3286 4255 5969 5411 5956 5149 1481 992 5903 1516 4592
Route #265: 2854 2081 5004 2416 3765 177 83 4007 2937 2791 1124 1686 5992 186
Route #266: 4619 2036 3520 4353 959 2274 1995 4412 925 376 1404 4187 1219 3656 1107
Route #267: 2218 5407 879 5797 3473 4617 3866 345 1344 8 5009 2535 2904 3500
Route #268: 5730 4025 5536 5250 3015 5577 1936 5925 765 4092 289 3535 3387 501 1876
Route #269: 4251 5479 1172 1080 1622 4578 1499 3058 1903 5885 17 1746 3893 989 5473 311 249 3875
Route #270: 505 4176 4335 5798 1489 1705 3223 198 1582 634 4865 5738 3786 5170 5958 4213 3660
Route #271: 3691 2732 900 1904 4101 2252 138 1599 5902 5783 2491 5499 3310
Route #272: 4114 2639 3755 1116 3995 1816 5045 5089 1246 4069 5158 3174 5243 1597 2211 4518 2371 2002
Route #273: 5446 1661 1507 2432 1837 5121 5510 3812 5266 4706 504 2619 2176 4128 5610 4472 1286 2154
Route #274: 3731 2746 3781 4910 4973 5984 3268 4241 4159 1379 1424 5019 5257 5611 931 4635
Route #275: 1857 3271 4411 5735 2523 2391 1955 3108 4263 2086 4736 2240 2402 526 2968 3002 1588 5529
Route #276: 5914 314 4634 967 4066 3249 3557 3567 356 2017 1270 1598 1391 3743 1266 5932 2536 2751
Route #277: 4746 4126 5927 936 1487 5428 2608 1665 3026 636 1214 4615 365 651 2800 5813 1054
Route #278: 2741 893 1303 586 2473 791 5002 5578 1438 4447 4233 71 2811 1730 1562 640 2717 4492
Route #279: 665 2692 5347 3729 4238 2145 450 2763 3506 1762 2264 1942 3831 2272
Route #280: 2398 3371 1400 68 409 4345 3417 598 752 3733 4500 2404 1969 5555 5505 5461 4455
Route #281: 2255 1691 76 2673 3792 404 2179 360 1221 1728 60 349 1788 1304 317 2441
Route #282: 94 570 3927 3281 693 4138 4330 191 2169 5308 3461 3695 5631 4756 5593 4990 1758
Route #283: 1458 4871 2724 5503 673 1677 503 2031 5561 2700 4773 120 3479 1317 910
Route #284: 581 5008 1164 1540 740 1230 4596 137 1434 1548 382 4098 1649 2143 2078
Route #285: 1910 5492 2074 1752 3031 3988 4149 2183 4173 719 3569 4574 3655 667
Route #286: 3724 4676 2852 3687 4919 4774 658 2657 573 1506 1999 4772 2347 2538 3735
Route #287: 1854 1557 3384 1092 5268 1474 2858 5190 5416 2314 2818 3937 278 1620 777 625 31 5960
Route #288: 2362 4663 3455 4563 2043 497 3559 2812 858 4653 3886 3106 4503 3659 567
Route #289: 3677 2566 5102 5133 5299 2172 5835 1179 2178 4864 3832 730 2437 3346
Route #290: 642 1713 4294 3741 1886 2743 1732 2640 3063 2455 5780 1717 2511 3572 1115 5119 1908 5015 4024 2681
Route #291: 888 4888 204 2815 4541 1703 4883 1643 4306 3250 5114 4106 2865 1512 4111 2661 1611
Route #292: 3432 2435 3915 2939 1810 272 4244 5127 108 5676 3350 2135 469 3576 1729 834 3768 3465 2082 5228
Route #293: 2 1491 5807 4458 1917 5048 1450 283 5513 4689 1880 2999 5 732 3345 3646 558
Route #294: 826 3648 2997 156 4226 1554 1767 3593 1631 2625 3922 1484 4997 4841 3424 788
Route #295: 5058 4400 5616 1682 3498 4404 5289 4576 2374 203 1480 722 2141 5211 5477 4034 4209 2449 755 1421
Route #296: 5330 4281 5653 383 1295 2676 4638 5379 332 5781 5836 2237 4850 2456 2099 15 1446
Route #297: 2231 1536 5906 4604 2919 5793 3191 344 2878 5748 3072 5162 1815 2730
Route #298: 5926 2925 1098 2839 5230 5988 784 4526 1647 1205 1714 614 5842 126 2465
Route #299: 3381 3663 1220 4791 5717 2341 4893 5120 4954 1253 1436 1240 718 2426 75 2227
Route #300: 5669 3510 870 631 1256 1268 795 4533 1871 756 839 1337 2268 3919
Route #301: 2838 2439 2399 4507 3408 5686 5098 3435 5313 434 5713 4911 2482 816 5341 999 1738
Route #302: 2924 804 3420 5523 3419 3769 4392 205 1275 5017 2883 1203 508 4561 5163 5142 1130 2667 3321 299
Route #303: 4652 2230 3117 2030 3105 5153 1235 873 3858 3030 4146 1249 3974 2593 193 843
Route #304: 1689 4805 2328 3379 824 5476 3501 820 4462 2775 5767 897 223 2180 2863 5451 303
Route #305: 696 2423 194 4022 1358 911 1759 5398 1052 3847 4136 1581 5441 4648 5853 2464
Route #306: 4407 3203 3992 5259 3153 950 927 5251 855 606 4142 2638 96 4055 887
Route #307: 4766 4745 3470 2494 1753 3121 5075 5174 3868 4437 1056 3758 2739 2280 2037 5527 395 4487 5737
Route #308: 3907 1161 805 3059 35 1274 595 2438 5253 5886 2062 2025 1792 3081 4738
Route #309: 3229 2630 1853 3115 81 5173 2505 3477 3984 4118 3474 1802 4476 576 3734 1983
Route #310: 2856 977 4103 4259 2120 3604 2543 4256 4749 716 2731 874 1346 2696 2045 1636 4794
Route #311: 4252 4292 1494 4856 5051 3037 1045 5291 1523 1845 3348 5295 1723 4691 5595 5834
Route #312: 4568 3328 3077 2077 2320 470 5036 1064 5370 3240 3340 3434 430 212 1334 3513 2279
Route #313: 2926 4830 199 2420 2201 3054 4282 3549 4593 4014 5667 637 5659 2273
Route #314: 2972 4430 4612 778 5404 1524 3088 3843 2784 4988 4685 5137 3177 4475 4402 535
Route #315: 439 2876 5562 3933 3861 1066 3365 457 184 2242 3616 79 4545 3850 1199 244
Route #316: 422 1821 3622 4981 4436 4074 3637 4273 5093 3456 5734 1519 978 5073 2224 4232
Route #317: 2202 3395 2305 819 410 4904 4639 5054 1696 354 5989 3983 5043 2786 1089 2254 3970 5081 975
Route #318: 1606 1699 2873 1972 1726 1650 783 5333 4284 3837 1976 2458 111 4645 2462 2631 4866 923
Route #319: 3162 5749 11 4253 5353 5841 5553 4994 3180 4723 3612 1077 5683 39 5912 4002 2042 1009
Route #320: 1216 4748 2424 1922 4970 4640 3168 678 73 1794 4775 5423 5309 2390 3385 5554 3505 2287 4987 2877
Route #321: 5795 2615 2521 3314 1010 3103 5533 3761 2665 3778 3050 4884 4719 1887 3238 4956 1564
Route #322: 3711 3082 2158 5876 2038 5910 2882 5421 4438 1366 2810 688 4479 3760 5765
Route #323: 1044 4575 1239 3803 2765 1825 4262 4520 2413 5150 5027 135 4788 4150 516 928 684 5916 1774
Route #324: 4141 2448 2835 5463 4633 98 4346 1668 4626 5736 833 5224 5364 3100 3448 5928 3728 5518
Route #325: 5229 5310 2801 1579 1407 384 87 3882 5753 291 3043 1483 1277 2823 2161 2953
Route #326: 4017 4928 1640 208 5483 5936 366 1435 5005 141 4581 1418 2529 5706 3522
Route #327: 1542 2932 5649 437 4573 389 2405 890 2713 3577 5583 5628 3355 3563 842 4867 2515 3685
Route #328: 5307 707 261 4517 368 5608 2578 3990 4909 4550 2193 4242 2228 1201 2307 782
Route #329: 1775 4631 1055 2539 3507 5878 5937 4283 4966 2353 5385 276 5589 2744 5106 5860 1296 5327 4054 2512 3605
Route #330: 1846 5624 1950 1841 3551 2401 4308 5433 302 3624 675 1838 211 2073 1560 2010
Route #331: 987 1227 1000 4628 5739 3305 711 4417 545 3924 3270 2200 3463 260 1756 1897
Route #332: 3492 5544 1040 4761 5042 4161 2542 4341 3859 3198 2871 397 3603 3261 2243 423 4387
Route #333: 388 3464 4433 1224 127 5847 2604 4076 4968 4032 5039 4539 1941 1574 1071 5632
Route #334: 575 5318 4722 1558 23 932 4015 4937 2703 3675 1131 1181 1353 4196 3049 405 5063 5660 4598
Route #335: 2964 3542 3694 919 2571 4555 5338 3282 1373 292 4868 5993 1544 5497 3809 974
Route #336: 2689 798 1345 2363 1675 3087 5743 3401 1177 5300 2610 1168 2251 4127 4916 1590 5771 5018 523
Route #337: 4938 2842 2706 3073 592 4611 5373 1374 221 3815 217 4095 265 2881 3629 4603
Route #338: 894 645 2262 2121 172 861 1669 2212 4741 4765 1701 761 4350 754 3730 3101
Route #339: 1381 4020 5052 5945 963 603 1659 951 3062 3684 1176 350 1330 1073 1357 461 2408
Route #340: 5596 369 5103 74 5105 5204 4383 1368 3546 250 1783 5148 4418 5587 3362 3075 2929 5864 1182 146 2600
Route #341: 2475 5283 143 390 2589 4493 148 3917 1386 4265 2323 4327 4769 88 2762
Route #342: 2833 2467 2217 954 1779 4998 4112 1586 5964 3248 2222 4889 1242 2806 560 5731 1694 5959 5656
Route #343: 5978 4668 1291 3997 4553 2965 5970 2729 1937 2553 3773 2318 1765 4237 1504 3964 5604 5413
Route #344: 3793 3302 129 3600 5267 5447 4506 5559 2008 2750 1583 4302 1868 736 650
Route #345: 2131 3143 1154 1975 3485 5618 2088 2837 4467 2866 3594 5539 564 875 5946 3107 5044 1754 2834
Route #346: 2636 3889 4379 1380 4258 588 952 5541 5977 3222 1267 5182 2306 1722 180 1020 4236 1429
Route #347: 339 4011 4793 3722 2959 662 2559 3736 1959 763 84 5172 2339 2056 2210 1329
Route #348: 738 5240 2376 5564 4957 3429 3740 2244 1932 5509 2394 162 2590 5832 3221 5462 832
Route #349: 4403 4215 5957 5034 3189 2901
Cost 519242
