Route #1: 658 408 698 18 978 532 12 908 13 522 656 145 119 203 742 55 260 601 350 930
Route #2: 664 768 662 335 873 230 507 537 115 540 505 515 321 485 44 300 836 234 236 876 748 819 801
Route #3: 988 214 680 92 28 240 839 710 220 282 74 707 492 25 177 875 198 343 369 852 937 345 565
Route #4: 469 8 98 632 107 549 325 562 120 683 913 274 207 453 805 414 899 919 21 722 123
Route #5: 753 42 894 954 690 307 788 479 737 637 720 590 86 993 775 407 767 245 48 293 491 570 600
Route #6: 794 231 865 320 735 301 660 80 501 9 15 361 634 355 944 942 702 804 141 96 870 826
Route #7: 146 734 487 542 998 956 29 64 818 619 905 694 817 58 85 62 484 444 424 755 783 964 168 167 143
Route #8: 367 243 330 652 374 328 490 377 463 845 112 863 164 695 63 914 10 916 24 992 803 809 157
Route #9: 122 897 183 37 771 134 84 56 352 757 498 303 427 229 202 759 495 800 918 535 142 929
Route #10: 620 398 725 941 936 796 199 109 948 315 887 519 486 553 461 124 830 99 983 318 793
Route #11: 462 488 744 864 824 807 750 100 156 182 764 272 563 890 769 435 466 810 189 543 636 513 5 606
Route #12: 65 685 569 609 684 985 602 746 940 920 370 152 885 608 75 432 917 730 353
Route #13: 704 249 212 333 482 185 512 401 380 169 127 137 951 184 166 193 763 323 618 326 530 389 556 646 78
Route #14: 275 967 338 848 162 97 584 235 271 336 791 631 666 319 878 961 550 121 387 860
Route #15: 877 239 729 787 126 383 977 669 749 415 612 106 891 281 986 4 276 996 521 496 46 691 348 829 849
Route #16: 833 305 438 302 500 598 225 527 504 700 426 252 30 687 503 233 888 814 327 761 471 517 670 128 425 273
Route #17: 81 53 130 842 313 943 309 269 782 573 192 218 251 907 548 990 647 706 949 114 213 221 396 738 480 717 616
Route #18: 831 340 906 733 933 889 747 180 627 567 160 928 904 259 526 790 138 475 838 970 657 856 371 226 154 155 922 681 506 270
Route #19: 102 258 911 615 174 250 675 716 295 478 67 147 368 536 73 57 339 224 178 715 69 741 458 841
Route #20: 170 36 997 610 477 470 449 381 420 19 835 546 423 208 410 963 77 679 292 26 559 497
Route #21: 311 217 253 365 317 909 641 529 539 711 257 950 628 111 677 419 288 493 855 626 285
Route #22: 263 821 574 72 329 34 776 714 2 979 649 324 191 851 976 35 823 883 926 651 896 674
Route #23: 456 701 238 422 135 778 843 310 939 923 442 781 981 866 882 60 586 149 394 622 786
Route #24: 931 533 132 650 289 402 346 406 41 588 972 934 150 784 867 413 93 88 643 607 571 915
Route #25: 298 104 802 197 840 211 494 792 808 884 31 502 984 103 596 708 265 663 261 171 752 262 52
Route #26: 727 246 925 378 892 43 247 625 668 209 23 712 108 617 299 256 859 785 879 418
Route #27: 38 603 692 718 965 95 645 454 50 296 32 91 6 895 973 331 756 629 901 555 520 599 216 779 54 999
Route #28: 451 564 395 525 799 450 118 90 200 1000 312 434 430 232 391 291 960 514 210 264 447 359
Route #29: 991 159 575 308 924 87 995 405 971 117 47 580 566 541 362 181 847
Route #30: 428 813 910 136 893 551 173 576 577 511 20 388 869 777 286 721 544 912 448 654 795 404 989 726
Route #31: 131 268 393 682 83 667 161 798 66 743 314 113 3 886 76 772 79 17 591 987 244 51 375
Route #32: 834 304 1 854 857 545 144 439 358 797 962 581 582 974 379 39 71
Route #33: 27 868 531 693 49 175 390 703 219 745 116 966 671 459 811 762 441 61 673 481 474 446 760 436 16 837 595 740 416
Route #34: 129 594 412 613 165 14 696 881 195 560 105 278 623 558 732 572 33 228 968 437 163 597 523 222 364 630
Route #35: 994 351 158 421 780 689 287 385 344 820 828 476 975 579 705 946 568 947 472 176 399 510 196 639 534 982 445
Route #36: 215 713 932 880 7 624 676 376 770 342 11 334 373 363 653 267 366 465 644 686 516 661 846
Route #37: 241 832 758 254 862 589 665 403 125 587 902 332 858 40 473 70 223 205 699 621 827 341 349 382 678 552
Route #38: 518 642 429 635 148 614 360 872 347 697 773 190 874 945 68 411 953 409 357 554 688 605 468 464
Route #39: 279 509 578 861 871 898 392 397 593 82 443 731 188 659 853 672 227 633 400 765 709 585 455 172
Route #40: 94 22 980 133 728 452 283 812 201 45 306 248 266 604 356 386 774 938 417 186 969 724 561 297
Route #41: 294 89 277 508 467 290 140 204 751 255 153 384 592 59 754 242 959 815 139 489 957 206 431
Route #42: 723 638 284 528 499 648 719 583 739 927 194 952 460 655 850 337 547 640 101 280 440 322 825 316
Route #43: 354 433 187 237 151 935 900 524 611 844 538 789 372 955 110 806 557 483 179 921 822 816
Route #44: 958 766 736 457 903
Cost 80726
