Route #1: 4421 3515 4441 399 5443 1651 1195 2927 3425 3638 5193 2282 3545 2014 4959 4777
Route #2: 1997 1618 2889 2373 5092 1721 5895 4332 5437 1218 1159 2848 2006 779 5377
Route #3: 5319 3617 4484 3255 2115 1786 4071 1700 1518 4029 4056 514 542 5574 4399 1787 5080 418 3141 850
Route #4: 5888 2996 296 2327 4148 579 3483 3794 577 306 10 179 4501 5952 869 2663 1718 1467 1048 1305 322
Route #5: 166 5674 4784 726 2204 1827 3220 3899 5087 3568 451 5766 2654
Route #6: 1498 2946 4139 1158 3848 5650 3163 5496 1287 5826 3631 4068 2412 517 254 2715
Route #7: 121 1769 1257 2915 1262 4228 1797 3311 5276 2330 649 2444 904 2628 4178 797 2384 5643 1362 759 3688
Route #8: 4123 2895 1667 4344 1985 458 5521 4240 5207 4188 1740 2249 232 1473 2934
Route #9: 1913 2377 4917 742 801 3471 2128 4200 5909 1895 1147 1335 3645 2372 3753 3308 4927 2162
Route #10: 4840 69 5899 5074 5879 1855 34 4084 2976 3167 5545 3437 115 3965 4535 3413 1313 1874
Route #11: 3746 1957 432 3670 3313 5236 2572 3647 4457 5391 5281 2000 1567 1121 480 4323 4513 2297 921 2975 3410
Route #12: 2333 4157 1658 1812 4757 3084 1247 914 4012 495 5652 3165 4939 565 4218
Route #13: 147 144 82 59 5273 3595 3585 5542 997 4498 980 1110 1111 3392 561 799
Route #14: 1914 1027 491 4065 2266 4660 2223 1321 3481 2189 5852 5380 2582 2234 1851 1420
Route #15: 5747 4995 2382 1343 4382 3615 1390 78 1968 1339 5500 3967 1360 2500 2338 4408 3900 1989 4432
Route #16: 2471 3968 3137 447 3818 553 2612 3960 590 4061 5530 5563 5369 5031 1323 4225 2436 2778 3149
Route #17: 5549 5696 2057 720 5811 5862 2359 5083 4156 2792 2170 1927 3093 4384 5086 3322 4010 712
Route #18: 973 1529 2768 1260 4589 1016 242 1289 1148 5206 2737 1125 1351 2253 5389 4006 2003 1460
Route #19: 2671 2276 4771 4093 2596 3227 3548 3935 2104 5528 1051 956 1553 3683 5366 235 2683 2065 419
Route #20: 1965 5640 2807 3954 3445 5931 1123 3827 1924 1488 4097 2691 207 4869 161
Route #21: 709 1938 3172 63 4380 1440 286 3260 2110 264 53 4324 5314 1074 294 4398 1872 2232
Route #22: 2514 5145 3144 847 1664 5115 4718 3834 2843 717 2350 460 3233 3154 2845 100 1109 1302 774 3213 151 3067 5482 4807
Route #23: 279 3155 5415 1014 4694 2301 1939 1370 2098 353 3652 995 5654 3156 1439
Route #24: 40 1082 3486 490 4219 5830 3759 856 5125 3908 1898 3852 373 5108 2267 3487 5288 3104 776 5336
Route #25: 225 2070 3182 2409 5400 5199 3553 2474 5948 3550 1500 871 1208 4468 5238
Route #26: 3196 876 3867 4316 935 4820 5233 5712 5282 379 4367 4179 2165 3897 155 5951 3145
Route #27: 2894 539 2948 3586 5661 2503 4359 3147 4221 2150 3705 5664 2721 1528 1806 5645 1503 766 5138
Route #28: 1608 1175 5991 3805 2970 5272 431 3804 1789 3508 4376 3173 5682 745
Route #29: 5600 4375 2213 3129 3262 2142 3148 3516 3226 3247 4861 3047 1739 30 4557 520 1663 2454
Route #30: 3716 181 5060 2083 3747 2662 2383 2526 3098 3838 4246 2411 3949 5802 285 2545 5567
Route #31: 899 5316 3044 4846 5371 3423 3518 3888 2479 5154 5186 380 1261 934 5215
Route #32: 4288 3056 1778 5848 5591 2269 4368 5923 2407 4477 3509 3706 549 1923 1513 3890 1808
Route #33: 1589 652 3667 1011 5246 2367 1556 4930 3558 1485 4304 5129 3361 5896 1471 3669 3763 758 3502
Route #34: 2825 2986 3649 3188 3619 4732 4895 3957 3709 3278 2139 3810 3114 4940 3977 4900 4129
Route #35: 164 4812 1245 4530 1376 1510 3715 1780 5303 5221 2777 5312 4815 2814 1476 2528 1369
Route #36: 91 1468 5195 2982 5929 2853 4826 1900 3785 4551 3708 3354 2196 4857 5768 1569 4758
Route #37: 2591 230 1102 5623 827 2239 1342 972 2859 836 4355 880 1539 2678 1501 4680 227
Route #38: 2092 4048 802 5635 5134 3925 4931 140 1889 1024 1847 993 5053 2651 3885 3620 1415 435 4726 1829 1113
Route #39: 5140 4540 3200 924 1702 4005 2184 4448 436 214 1456 5041 757 3554 123 5077 885 2626
Route #40: 5249 3292 1331 3099 3539 5637 3910 465 3065 3718 3251 473 853 32 3905 2342 5135 2916 568
Route #41: 3776 5727 1063 5855 2890 1300 1594 2861 4182 5488 1625 5828 2385 2557 629 231 3427 1328 3986 3590
Route #42: 4502 3020 1065 1088 1375 106 5824 455 3373 3402 5887 5921 5535 3061 5491 3673 3066
Route #43: 4165 2013 4848 3973 4754 3653 2492 1925 2685 5774 2544 154 1412 3817 4343 5109 498 2795 5097
Route #44: 635 2855 3602 4929 3085 2493 2994 1137 5165 3398 3879 2541 4672 4473 3865
Route #45: 3701 1656 5990 668 5304 222 3288 4504 4478 165 5665 478 4260 938 1285 1293 940
Route #46: 599 1535 1725 2984 2428 5844 2292 2664 1571 446 1470 5262 5393 5612 4122
Route #47: 5130 5918 2921 3574 2621 2469 1861 1076 1711 3526 976 1273 3294 5705
Route #48: 6 5016 942 2598 2977 280 2870 4422 5871 3091 3007 216 2296 1079 562 2549 548 3748 2647
Route #49: 2938 3263 454 1258 1001 1772 1984 3053 1006 3344 1511 3214 5804 852 502 4089 1384
Route #50: 3405 1187 4362 2645 1633 5181 4926 5264 5325 2912 323 3951 1766 970 2522 367
Route #51: 2130 3040 5515 1578 3672 4443 2080 2742 3353 1324 2601 2001 811
Route #52: 4203 3421 4858 5655 4164 2103 2270 605 2568 220 3009 1662 4544 5639 290 4220 3742 551
Route #53: 1559 4974 1502 3514 1160 1672 596 4298 5390 3788 1877 4247 5716 3921 1096 1169 5817
Route #54: 5356 4569 2607 4654 209 563 2991 5846 5101 3985 3488 5590 3256 4297 1595 5495 5558 3911 4811
Route #55: 3275 5065 4396 3335 5983 3819 4946 4675 5368 5723 4597 2584 1356 259 680 3175 2973 727
Route #56: 1405 3112 953 1194 2684 4222 2809 2907 3588 2152 5507 830 1046 2015 5621 2769 5975
Route #57: 1167 3151 5880 2822 4444 771 5367 396 5302 1547 790 3902 5110 1791 476 2979
Route #58: 486 2967 5350 2400 945 5432 2908 500 1727 537 4177 2166 4094 4972 1634 1697 3942 671 4186
Route #59: 25 190 130 5013 1231 2564 2507 5889 1653 4696 1979 1790 807 4460 362 2555 3789 1364 2091
Route #60: 4426 656 2580 4480 5118 679 2159 4688 2027 566 4435 898 3090 5231 5986 3971
Route #61: 3390 2046 4802 4442 1085 3739 4923 2560 3699 4862 796 1614 1461 341 2392 2585 4991 768 2167
Route #62: 2041 3587 589 946 5406 4623 3732 3418 2797 3265 4415 3197 506 1072 305 3135
Route #63: 4984 2466 385 2214 374 2233 3096 5378 3201 859 67 4395 474 4800 4040 4211 210 1848 4838
Route #64: 703 336 3430 5822 4534 3369 5851 2914 5714 3433 3679 45 5691 1757 4989 2433 2100 408 4434 5718 1993 5701
Route #65: 2329 962 1463 5756 1385 5068 4431 4572 3714 4908 5569 5412 5431 3359 4674 2484 2711 3006
Route #66: 1197 4109 2107 4983 4428 2776 5865 3414 4077 4239 4778 1212 3989 5584 4078 1288 5999 748 2779 2263
Route #67: 5710 1945 2864 1987 4977 1341 2508 3341 787 5565 3333 3140 4081 2637 185 4590 93 3864 2018
Route #68: 1996 5708 2933 4986 1445 5392 3192 5922 3035 4318 2988 1210 5858 2569 4322 352 1964 5939 4497 1641 4217 4049
Route #69: 4599 467 594 3975 5973 5478 4192 417 3449 5599 3013 864 1882 5294 359 2277 1843
Route #70: 2524 5332 3904 5430 4060 4879 72 4616 377 1122 1475 5634 5954 3242 5175 5139 4485 1679 1157 3083 2930
Route #71: 4021 4936 2666 4087 5345 131 3953 5342 4829 4899 351 456 2679 2900 5439 4975
Route #72: 4096 5524 3961 947 5351 2209 4536 4655 2289 4058 803 3428 4414 2023 2581
Route #73: 4709 5898 3562 3274 2381 3406 355 4729 1869 813 1747 4510 1207 2303 5029
Route #74: 1834 5892 3538 5484 823 1162 2738 3661 4978 1621 4614 2388 3998 392 4155 348 5006 5014 9
Route #75: 1532 2902 4349 3632 316 986 2311 1146 5189 3412 273 810 5930 324 5799 903 1813 2429 647
Route #76: 2457 3849 64 92 5258 122 2118 287 16 2063 5384 2190 1646 1538 5057 559
Route #77: 1744 3215 4803 5197 4027 1934 534 623 4982 4465 5448 1472 5874 5360 4828 907 5806
Route #78: 171 4075 3122 2749 3269 5547 5941 601 4525 918 1232 4358 5227 5096 5381 769 4390 4214
Route #79: 1637 3076 4102 3674 4328 6000 5514 1336 4801 4601 4673 4753 1496 626 1393 708 1619 3363
Route #80: 4360 587 2804 5354 1764 3001 4543 378 2672 3895 5020 3343 3230 5362 4529 4170 2694
Route #81: 5543 3021 2707 3493 2803 939 3845 4632 4230 531 3330 1796 4562 3642 2302 1312 2753 4337 3199
Route #82: 4319 2173 268 3771 4311 4650 4494 3236 224 1389 2271 4456 2044 239 2498 593
Route #83: 5905 1907 1234 1541 118 4429 3654 792 4839 4033 1319 413 878 4274 2101 5418
Route #84: 4583 4338 4202 3665 3086 3566 1180 5849 920 3697 2586 5203 2351 70 1632 2291 4463 2109
Route #85: 5538 4293 347 657 5636 4695 2370 2903 3041 664 4035 4742 4267 2587 1687 762 5775 3060 1801 2748 624 462 1138
Route #86: 5022 930 206 3370 2160 1805 4896 1118 3635 2867 202 3095 5225 2095 5363 2489 1192
Route #87: 464 4890 4795 1347 5769 3436 1803 2546 2704 5917 3267 3380 2034 114 263 1543 3264 3787 929
Route #88: 3698 128 1464 4731 3528 466 5387 4003 1108 1835 4637 46 1377 3947 4903 2089 342 213
Route #89: 3955 704 4042 5339 2016 5508 2414 5355 101 3232 2490 5814 2816 2618 3367
Route #90: 3336 5843 5179 715 3909 4542 4134 5285 5966 3626 891 750 3881
Route #91: 4254 5950 3511 132 2745 1508 3952 2705 5904 2090 4116 1644 2860 3883
Route #92: 2789 5506 1486 4470 4521 1743 5947 3503 375 1156 837 4853 3547 3469 2219 182
Route #93: 3856 4657 714 4844 5900 3217 1425 54 3293 2520 4234 3703 4326 4357 4307 3123 4707 1781
Route #94: 3606 4401 524 449 1533 1624 416 328 4804 3800 1916 630 3609 4030 3713 661 2299 4885 3128
Route #95: 4461 3844 5422 1706 4 2614 4538 4135 851 1616 1920 2396 616 3700 4735 4915 3772
Route #96: 1629 2344 333 597 1947 4944 5981 2106 4594 105 4445 3204 3225 2005 2658 1202 3453 4210
Route #97: 1306 3004 1630 3931 2844 4108 5532 1628 886 5359 4340 3032 3891 2029 1449 4201 2616
Route #98: 5117 1735 889 699 2827 2532 3391 2674 5071 2355 5219 281 5024 153 453 3719 3796
Route #99: 3980 1878 2909 5001 5471 468 175 2624 4768 4184 5707 2337 2920 2340 1081
Route #100: 2298 3608 2360 1865 1315 3024 4132 3840 5348 2632 2068 3120 655 267 866 5472
Route #101: 2530 5722 1909 4644 243 3767 4047 3625 5217 5372 5168 2534 744 4913 3290 1030
Route #102: 4764 5911 266 4090 2452 1141 3537 1236 4667 99 4733 5337 5646 5776 2727 3210 5810
Route #103: 2248 1414 257 2517 2011 2486 5255 2787 2949 5155 357 1521 1626 1423 4552 1550 3064
Route #104: 3036 4980 4708 3982 4827 1951 2361 4364 381 2460 3187 5627 2562 5935 2153 1982 1419 4110 4622 2208
Route #105: 38 3134 4063 2410 3358 5445 4932 4064 3934 3959 1497 3913 3 4587 1552
Route #106: 4325 4336 4495 2418 2434 1623 1186 3979 1988 5777 2352 4942 2483 2733 3034 5694 5519
Route #107: 2735 2761 1935 5459 5161 4852 433 1372 1211 4586 2076 1710 5401 4303 4229 2146 3394
Route #108: 3666 3512 3166 1860 3571 5254 3178 2336 1145 2174 4459 674 604 5220 4373 2989 4091
Route #109: 2652 104 3142 5094 3901 4782 3798 2950 3941 3851 3008 2767 5963 3589 4038
Route #110: 5809 4621 2911 2993 1442 493 4314 1367 4167 2220 2275 1683 4702 5151 670 5711 2051 1760 4532 5365
Route #111: 1031 4717 5728 4137 5028 1901 2442 320 3000 5386 4481 1763 4295 1282 1095 3016
Route #112: 4740 3969 1225 1505 5082 5440 1301 5465 2714 4897 2108 1761 4100 5720 5663 646 4952
Route #113: 3894 2971 3111 3010 3094 835 442 1800 4270 2613 5831 5424 1992 5785 4945
Route #114: 398 5191 3938 2379 723 2093 4703 386 3598 3676 5183 4743 933 3494 372 4339 4290
Route #115: 4999 1155 2463 2192 2892 3797 2726 1397 860 1654 245 5576 3680 1441 1956 5010
Route #116: 1354 5419 5882 1259 3080 3636 4409 582 5552 3125 916 3097 5709 2149 1294 5790
Route #117: 4454 2502 4824 4131 4194 1919 1811 4781 1023 3397 90 4832 1142 5460
Route #118: 4405 3833 5069 3055 4268 2766 808 610 1745 3996 1139 4051 4786 4693 1002 192 5035 2470
Route #119: 741 4119 5779 233 692 5762 393 3157 5095 4216 5764 2565 547 2974 663 1143 4062 331
Route #120: 734 990 2226 3950 578 4285 5470 307 1136 1537 4870 2085 747 5658 4579 510 258 4175
Route #121: 4556 5078 338 2461 5248 5725 3870 2891 159 4277 1163 5672 1103 52 5410 2799 982
Route #122: 2955 2995 4697 3857 4496 960 3386 5894 5534 1832 3258 5049 3696 19 1755 229 4269 5751 1428 2893 1410
Route #123: 3936 5704 821 5444 2047 1671 770 818 1310 5480 4248 2261 2516 1693 2752 2954 102
Route #124: 97 18 2004 1971 5881 308 2258 4797 51 5812 881 571 2957 2983 5298 1184 1128
Route #125: 103 2527 2910 4449 2942 3807 325 4301 1101 1226 4892 5171 3337 1252 441 3161 4692 1183 685 2375 3916 3808 5833
Route #126: 5156 1008 4877 1134 5967 2597 2079 152 4770 2698 3813 574 2422 5222 4629 4524 3613
Route #127: 5062 4789 4446 3533 1215 26 1784 4666 43 1191 4296 5040 3329 3782
Route #128: 2849 2627 3109 2316 1106 3738 3342 5425 1741 157 3929 145 4713 2033 4941 394 3627 5056
Route #129: 1577 5185 4450 1692 173 4683 3721 407 793 5648 1990 2199 868 1248 2148
Route #130: 5697 2054 5100 1994 3399 1086 2113 3023 5490 4951 1140 905 29 2936 3273 2992
Route #131: 494 3540 4372 5159 4059 846 3462 5244 521 2757 4347 3993 2709 5188 2259
Route #132: 4333 5770 845 5557 4527 518 2067 1193 1892 2641 2194 2185 1911 3664
Route #133: 270 1720 966 3766 5920 4934 218 700 3712 4083 5218 3459 4385 3349 1292 5602 838 5719 3208
Route #134: 1748 5321 4489 2885 5982 1408 237 2009 2040 3497 4023 2096 4886 2896 5144 1751 5166 2940
Route #135: 1032 5732 1645 583 5614 2278 5481 1150 1363 729 2687 1617 5126 3956 1204 2480 4863 3296
Route #136: 2747 1348 628 1870 2221 915 1314 2990 5815 2315 3855 5761 5467 2163 817 1899 2830 2123 5818 618
Route #137: 5435 4420 318 2533 2393 1795 2570 4992 3472 2978 2137 3791 246 2952 2349 4606 4571 5136 1432
Route #138: 2324 5067 2260 3458 401 2366 1222 2294 3529 4906 4073 1117 2506 3530 895 1836 5742
Route #139: 5861 1196 981 2722 80 3317 2875 2300 683 1793 3224 2923 5829 4004 4833 621 690 3152
Route #140: 1416 5026 1061 4416 5399 1946 5055 5301 5968 5872 5693 3116 1954 512 2594 697
Route #141: 3668 5934 1237 2829 5187 1041 2235 3209 760 1119 3388 3478 5560 1144
Route #142: 487 4423 4847 4377 1340 85 4028 3124 1970 3356 5382 5692 2918 5160 2922 2725 370 5429
Route #143: 5850 2284 3928 5241 1551 3466 5953 3830 5540 4767 2588 4843 5703 1986 391
Route #144: 4511 4577 633 4348 241 3052 4762 1255 2346 5290 3312 2319 1961 1770 5427 2675 5662
Route #145: 4971 1864 3573 1133 1132 4261 4104 4627 1097 546 600 812 844 1613 5940 139 5414 1188
Route #146: 3411 4152 1949 62 269 4751 3651 5517 3639 1719 4086 226 1768 957 4564 1555 1035 319 1615
Route #147: 5502 238 1037 5570 584 1206 471 3658 5605 4370 2389 4189 2197 619 1912 1392 4687
Route #148: 2290 4052 1638 4993 1785 3444 2331 5320 228 440 2649 3070 5615 4690 2293 2850
Route #149: 5933 3235 4996 4113 2198 1823 611 5695 5700 644 3490 2059 1327 176 3272 4168 3327
Route #150: 4363 3382 2122 1013 2066 5875 527 2611 2488 4037 1931 1587 4257 3207 1114 271 77 5239
Route #151: 337 4361 1021 529 2071 2472 304 4965 4181 3190 1681 5763 1998 4381
Route #152: 1422 5059 5657 1189 1459 1151 3206 2354 4171 3790 4018 4080 2140 4678 2019 2431 3351 3846 1884
Route #153: 2112 3923 5688 5868 5417 4752 1087 2622 5525 2898 5061 639 402 5873 5840 2356 4725
Route #154: 5279 4558 841 3521 4291 3607 1819 1883 1859 2326 4710 4000 1944 4591 3601 4546 2288 1448
Route #155: 5617 666 4958 5032 1338 4759 1530 5315 4317 150 3963 1531 4016 2943 5450 247 3523 2773 1365 2225 4490
Route #156: 5796 58 608 5201 5263 3299 1492 725 3146 3948 2547 3297 4424 5111 1809 4595 5468 5025 472
Route #157: 5699 3431 343 1457 5644 3869 1704 4351 2956 3584 113 4776 3246 5671 4796 3454
Route #158: 541 3614 4276 1655 3991 5349 4427 4413 941 4151 2966 4198 251 1799 4779 2644 5131 3727 4949
Route #159: 3089 1966 4705 580 3377 4698 1029 3976 2770 1426 751 3745 3372 1382 1105 1430 2754 3184 2820
Route #160: 4809 1028 3499 425 1960 2119 2531 2847 5198 706 3364 1862 5104 1918 125 4810 133 4901 5449 5464 4264
Route #161: 3828 2906 961 253 4365 340 877 4278 515 4499 5265 2759 3876 262 901 4955 4580 865 3118 3110
Route #162: 4053 2440 4406 705 2941 3438 5287 5690 2035 2060 475 1572 36 1635 4386 2720 187 4133 5064 3842 5012
Route #163: 4686 1298 1639 1750 4366 4925 4531 3811 3578 2116 1525 5454 550 1265 5357 4231
Route #164: 3332 822 4620 4962 949 3245 3945 3202 4960 1254 1452 5375 2697 3218 1018 996 5684
Route #165: 1828 1974 1149 4737 4560 1217 710 313 1607 4700 2796 158 2468 2097 4388 429 2250
Route #166: 4739 2380 1873 2650 2677 1200 3841 746 3130 1026 3775 4783 4661 5326 3285 1842 641 5076 3316
Route #167: 50 3630 2387 2164 5784 1060 3978 219 2556 5586 4881 4716 5487 4711 5997 3525 5943
Route #168: 3033 5072 613 1015 2888 321 2397 326 5965 809 2699 2147 3185 5213 1670 733
Route #169: 5047 2603 5453 112 5331 459 2756 5687 1684 3644 477 5124 1894 309 427 4183 2998 4682
Route #170: 5942 5498 4875 2985 917 21 511 2111 1749 301 1059 5647 2563 5580 5340 1311 2052
Route #171: 5856 2406 5475 5469 3862 3237 3171 4172 530 1495 5169 361 3164 5147 2050 492 5859 3491
Route #172: 5685 4491 452 5033 3212 20 4935 5995 2836 2134 4924 4860 3366 1043 483 1831 3814 519 1852 1858
Route #173: 2635 677 3783 5405 4950 4378 4780 5908 3078 1673 2577 4602 557 5113 4180 3092 513 1091
Route #174: 3320 4873 2133 4851 163 5837 499 2102 2917 2450 1708 1963 415 5773 617 2215 2821 3555 1126
Route #175: 4976 3806 5890 2369 3102 4354 2501 1462 2653 4440 4036 1084 1830 5516 1413
Route #176: 767 3912 2634 2755 5455 4190 3450 200 4799 2053 234 5504 585 906 3650 346 3725
Route #177: 1190 4145 2656 4043 4195 489 2913 3756 174 2481 1674 1733 4961 3829
Route #178: 3835 3579 5594 3181 5938 5123 4651 5208 5883 4845 1549 57 1814 2646 1610
Route #179: 3133 2125 638 4166 5458 883 109 5670 3774 1250 5023 1514 274 1383 5277 3068 892 3552 4516 2072
Route #180: 686 3544 3657 1648 5388 4227 4787 728 3872 3046 3744 2840 1891 5343 5827 1893
Route #181: 2558 806 4512 1520 1299 5702 5800 5642 1478 3871 4656 5420 3496 5394 908 4727
Route #182: 1715 358 420 42 4582 2317 4439 689 334 3374 1427 5167 2701 2285 2518 5866
Route #183: 615 5442 4523 5972 2138 1604 1213 4537 1490 1129 775 2899 2155 2024 3999 5352 3611 781 3460 3580
Route #184: 3532 3795 789 5531 1896 3131 5752 5620 5494 2648 1047 5011 1307 3926 1576 4389 4559
Route #185: 2718 780 3119 1642 3690 4299 5740 3324 737 4286 2236 2182 5715 5698 1477 1592
Route #186: 27 1326 654 1833 3720 2575 5607 2084 1394 4963 998 2206 4453 653 2552 1840 1244
Route #187: 2246 1012 552 1078 4887 857 3441 4880 5877 5976 1962 753 1276 3195 3228 2688 3029
Route #188: 117 2884 5597 3334 3681 3193 5760 5237 3482 5493 1049 3820 602 3994 4085 107 1058
Route #189: 829 142 2880 3704 3160 488 2247 2129 5194 4374 5729 5376 4279 4300 1005 61 4818
Route #190: 414 4310 2788 4744 4329 255 2826 4817 4907 5210 5863 5466 4821 3079 1039 1062 5066 116 2322 612
Route #191: 3754 5438 4041 5794 971 3561 1580 3932 277 854 1173 622 1734 800 1042
Route #192: 2386 2605 5573 4207 2447 2887 5286 496 994 4057 4147 282 3426 4130 2958 4872 4115 525 1153
Route #193: 4369 5638 4699 2764 1593 2862 3749 1350 4514 2451 1709 2055 958 3723 4199 426
Route #194: 3468 197 5247 4464 3048 411 1443 3403 1807 4287 41 4356 5897 2736 1171 5269 406
Route #195: 1826 863 5585 1127 1333 485 5675 1866 2188 1100 3447 4671 3183 2417 2623 3836 5630
Route #196: 3946 4508 3592 1112 4320 5522 1875 4565 5436 5293 2802 1534 5955 5994 5825 5274 1371 1695
Route #197: 2670 5284 3457 3017 1406 3376 4312 3892 2332 4223 1591 2682 3126 481 702 4806 1075 4836
Route #198: 310 1600 2504 1090 2499 1135 1022 5434 463 2191 5200 5592 772 4099 12 4985 1455 2114
Route #199: 4588 4642 4280 3583 2513 1402 681 1 1517 2655 691 2790 1742 5613 110 4206 5132
Route #200: 1885 484 5520 572 1933 1316 3581 4153 5808 735 295 3186 4026 3610 3570 2028 3634 4205 1454 3331
Route #201: 3896 4831 2841 984 3692 4249 4677 4905 985 2186 5801 4662 3784 2026 2537 983 2175 5452 4918
Route #202: 3826 3253 5107 327 543 4664 4933 1685 4922 5603 24 5037 5403 4849 2365 2195 47 1879 5819 1926 4547 3422 4419
Route #203: 4001 1433 5996 3981 3170 4120 2857 2771 3824 4584 825 1396 3360 5322 330 3231 2592 3307
Route #204: 2446 5216 2617 37 3005 3799 1929 5511 2817 3940 3575 2421 2497 48 5000 2869
Route #205: 3707 4704 2886 4522 3254 4394 2519 3596 5192 4837 1034 1228 5823 3014 4859 3582 3873 2395 3752
Route #206: 3159 5857 3726 2509 1178 4894 831 3780 1238 2058 3628 4608 4669 2419 1980 371 4466 2443
Route #207: 1902 4224 2313 4050 4009 5782 2794 3451 2567 1856 3489 5270 4658 2007 2782 1952
Route #208: 2548 2710 5091 556 1361 2325 3898 3368 1943 1565 884 479 1057 5512 1585 4567 3446 86
Route #209: 4613 1104 3404 3357 2357 5758 2832 2874 5979 4125 4605 5112 3918 5260 3689 5629 2680 2229 2069
Route #210: 1466 293 2245 4701 1297 1355 2951 814 5084 14 364 3640 1120 4822 3930 3139 4891 5678 5474 1773
Route #211: 4008 3150 3276 2238 1465 2075 3211 2574 1601 4045 5234 713 2987 2168 4979 3750 134
Route #212: 3138 3633 5575 4243 2576 3751 3825 5323 4898 3920 5893 4486 5961 4684 5633 149 421 1395
Route #213: 591 3266 1318 2445 4163 2695 1399 3987 1776 4947 5297 2049 3407 3243 3702 5679 1309 195 5328
Route #214: 1660 2606 188 3234 1881 2525 1069 5209 2181 1229 2207 5128 5143 5329 4046 5821 4874 1890 2868 4878
Route #215: 2642 3737 1798 5038 2785 5568 5962 5178 533 2156 1991 2633 4600 4720 979 2960 5750 785 5122 3018
Route #216: 5673 1627 2774 1676 1003 5202 968 1264 1403 178 3939 2459 4823 4876 4082
Route #217: 840 5606 1453 2728 3966 4548 2668 5744 815 721 786 5579 1332 1603 3623 2368 5924 3400 2599 1698 724
Route #218: 4403 5157 5726 5741 669 5486 2693 119 28 540 2579 5537 2897 4554 1666 4882
Route #219: 3205 5317 5344 2595 482 4813 4724 215 5397 991 1953 509 4855 1469 3475 2686 1004 1068
Route #220: 4451 5949 4275 2304 3762 4352 5457 4342 4610 1526 522 3484 4070 2487 2872
Route #221: 1437 5070 2708 848 3906 2478 1731 2669 4943 1712 3564 2609 5252 1388 1198
Route #222: 4714 2719 403 5261 4763 3597 3958 1349 3339 2905 1777 5501 1680 4842 1563 2105 1099 3887
Route #223: 2310 1017 4964 1824 5789 4670 739 3284 507 2403 4519 2828 2808 3710 5050 5358 1820 922 5792
Route #224: 872 2295 3025 2550 3169 5485 1930 3962 3480 89 632 3259 3914 1398 1174 5212 4570 5772
Route #225: 4609 5944 1822 3194 5759 2583 4721 2510 5919 3504 4914 538 4204 444 1509 1568 909 3300 1888 3244 5891
Route #226: 2712 3854 1657 4067 3309 1940 2793 3671 4452 5998 3519 124 5383 4681 944 5164 1053
Route #227: 3323 1409 2944 5079 4169 2740 2136 5791 5232 3158 2551 4144 3534 4659 387
Route #228: 3277 1566 3884 1678 3802 955 2935 3777 2425 5176 5324 5839 4750 5907 3556 1322
Route #229: 4921 5408 1921 1165 1479 5869 5152 3378 2039 4834 3903 743 867 1070 2981 965 4371
Route #230: 5788 4509 5803 1515 1522 3045 1170 4044 3039 1782 2256 4397 2205 5689 3127 1019 4483
Route #231: 5271 4410 3074 3393 1915 3306 5566 3686 2758 2265 2427 3239 2961 5146 1320 5292
Route #232: 4825 1612 3621 1352 5090 55 4334 1269 5275 5581 5085 4679 4079
Route #233: 288 5088 1596 3591 1605 4271 1839 609 1561 4013 1067 4715 4641 5625 2690 4313 5666 5805 4730
Route #234: 5601 2061 438 3839 4792 659 5622 2760 1025 329 3415 2171 1545 1849 2947
Route #235: 5141 2157 2334 3536 5235 3943 3880 862 5816 849 2716 3019 3352 4305 5571
Route #236: 3877 4272 2124 298 1387 2561 2144 1818 4107 964 2783 2476 4528 3779 5548 4185 1905 2781
Route #237: 3280 2831 4624 2702 969 4160 4665 4154 3375 4088 3972 1724 794 2969 2780 5426 3136 648
Route #238: 1817 1417 1050 913 5184 1033 1850 4245 1378 1447 3241 3823 1863 4031 3944 5409
Route #239: 44 2309 2032 1482 2945 4331 4790 4212 3524 926 620 701 528 1411 2177
Route #240: 4471 4162 5681 2453 4755 4193 643 4482 660 1281 1284 749 3416 3219 1271
Route #241: 1290 5721 4289 66 5214 1185 4309 5588 3442 1451 5974 5030 1804 988 676 3257 5296 5787 33
Route #242: 5306 3051 2496 5901 544 4902 3071 2132 424 2151 5985 2813 4643 4019 902 1981 160 4124 2629 4920 5677
Route #243: 5402 1279 5556 1690 3011 1602 1707 2819 2021 3860 2477 3179 4969 363 2659 2931 256
Route #244: 3565 1737 4391 248 428 1973 1283 4630 4618 3816 3057 240 3132 4647 4393 4266 2348 252
Route #245: 1948 4808 3301 4208 3113 731 4816 443 4585 4953 4912 1209 3717 3770 5680 4760 183 5456 5820
Route #246: 532 4798 3764 3303 4607 2339 5172 84 763 1959 4793 3722 2959 662 2559 738 4011 339
Route #247: 3038 1867 3517 4515 672 2312 5407 2218 5473 249 3875 4092 289 3736 2376 5240
Route #248: 505 1622 1080 4578 1499 3058 4404 1903 5885 17 1746 3893 989 311 1172 5479 4251
Route #249: 4176 4335 5798 1489 1705 3223 1491 5807 4458 1917 5048 1450 283 5513 4689 1880 2999 5
Route #250: 1480 203 722 2374 732 3424 4841 4997 1484 3922 2625 788 558 3646 3345
Route #251: 1421 755 2449 4209 826 3648 2997 4034 5477 5211 2141 156 4226 1554 1767 3593 1631 1582 198 2
Route #252: 634 4865 5738 5170 5902 1599 2252 138 5783 2491 5499 3310 3660 4213 5958
Route #253: 3691 4114 2639 3755 1116 3995 1816 5045 3768 834 4069 1246 5089 1904 4101 900 2732
Route #254: 1729 3576 469 3174 5243 1597 2211 4518 2371 2002 4128 2176 2619 504 4472 4706 1286 2154
Route #255: 5611 5446 1661 1507 2432 1837 5121 5510 3812 5266 5610 3268 4973 4910 3781 4241 4159 1379 1424
Route #256: 3731 2746 5984 3002 1588 526 2086 4736 2240 5019 5257 931 4635
Route #257: 1857 3271 4411 5735 2523 2391 1955 3108 4263 2402 1598 1270 2017 356 1391 3743 1266 5932 2536 2751 2968
Route #258: 4615 1214 3026 2608 5428 1487 936 5927 4126 3567 3557 3249 4066 967 4634 314 4746 5914
Route #259: 1054 5813 2800 651 365 636 1665 2398 3371 1400 68 1221 1304 317 360 2179
Route #260: 94 570 3927 409 1788 349 1728 4345 404 3792 2441 2673 76 1691 2255
Route #261: 598 3417 60 2169 1677 673 272 5503 503 2031 191 4330 4138 693 3281 1758
Route #262: 3384 1092 5268 4244 4871 2724 1810 2939 3915 2435 1458 581 5008 1164 5190 2858 1474
Route #263: 4111 3432 1512 2865 4106 5114 1854 5416 1557 3350 858 2812 3559 497 2043 4653
Route #264: 4024 5015 2566 5102 567 3659 2362 4663 4306 3250 4563 3886 3455 3106 4503 1703 4541 2815 204
Route #265: 888 4888 2681 2661 3677 5133 5299 2172 5835 1179 2178 4864 3832 2743 1611
Route #266: 4294 3741 1886 1732 730 2437 3346 1908 5119 1115 3572 2511 1717 5780 2455 3063 2640 1713 642
Route #267: 4883 1643 1649 4098 1752 2074 3031 1548 382 1230 740 1540 5676 108 5127
Route #268: 3988 2852 4676 3687 1620 777 625 4919 4774 4173 719 3569 4574 2183 4149
Route #269: 5960 31 3724 3937 278 658 2657 573 1506 1999 4772 2347 3735 2538 3655
Route #270: 2078 2143 1910 5492 2818 2314 1434 137 4596 667 3461 5308 3695 5631 4756 5593 4990
Route #271: 2741 893 4492 2717 640 1562 1730 2811 71 4233 1438 910 1317 3479 120 4773 2700 5561
Route #272: 5578 5002 5347 2763 450 2145 4238 3729 3733 752 4447 791 2473 586 1303
Route #273: 2135 4455 5461 2404 4500 3831 3506 1762 2264 1942 2272 2692 665 1969 5555 5505 5529 5158
Route #274: 4576 2082 3465 3786 5228 2231 4638 2676 1295 383 5653 4281 5330 5616 1682 4400 5058 5289
Route #275: 1536 5906 4604 2919 5793 3072 5748 2878 344 3191 614 5842 126 2465
Route #276: 5926 2925 1714 3889 4308 5433 302 3624 675 1838 211 2636 2073 1560 1775 1647 1205
Route #277: 4379 545 4417 4258 588 952 5977 3222 423 3492 1227 987 1000 4628 4387 5739 3305 711
Route #278: 5182 2834 1754 5044 3107 5946 875 1373 292 4868 5042 4761 1040 1267 5544 2243 5541
Route #279: 180 1722 564 2571 3594 5539 919 3694 2964 3542 4467 2866 4555 3282 5338 2306
Route #280: 2131 3485 5618 523 5743 1694 5731 5978 5018 4302 1868 736 650 2088 2837 1975 1154 3143
Route #281: 4553 3997 2008 1583 2750 5559 4506 3302 5267 3600 1765 5604 2318 3773 2553 2729 1937 3793 5970
Route #282: 798 1345 3087 2965 1291 4668 5447 4237 129 1504 3964 5413 1675 2363 265 2881 3629 4603 2689
Route #283: 2212 1669 2842 2706 3073 592 4611 5373 1374 221 3815 217 4095 4938
Route #284: 894 1381 645 2262 2121 172 861 1701 4741 4765 1182 761 4350 754 2408 3730 3101
Route #285: 4020 5052 5945 963 2600 146 603 1659 951 3062 3684 1176 350 1330 1073 461 1357 5656 5864
Route #286: 5596 4383 1368 3546 250 1783 5148 4418 88 3917 4493 148 5105 5204 74 5103 369
Route #287: 2589 2806 1242 4889 4112 4998 2222 3248 5964 1586 1386 4265 4327 954 2217 2467
Route #288: 2833 2762 5587 2323 1779 4769 3362 3075 390 143 5283 2929 2475 5959 560 1168 2610 5300 1177 1590 5771
Route #289: 4161 2542 3603 3859 397 388 1071 5632 3464 4433 3198 2871 3049 4916 4127 2251 3401
Route #290: 5039 4032 4968 4076 2604 5847 127 1224 4722 5318 23 932 1558 4196 1131 4539 1941 1574
Route #291: 1380 5660 4598 3809 974 5497 1544 5993 5063 405 1353 1181 2703 4937 4015 3675 575 4341 3261
Route #292: 1846 3605 2744 5589 276 2353 5385 5878 3507 2539 1055 4631 3924 3270 2200 3463 260 1756 1897
Route #293: 5988 2010 2401 3551 5937 4283 4966 5860 4054 2512 5327 1296 5106 5624 1950 1841
Route #294: 784 4526 3381 3663 2227 75 4911 843 193 2593 3974 1249 4146 3030 3858 873
Route #295: 1235 5451 4805 2328 2863 261 2180 223 4517 2932 1542 897 5767 820 4462 2775
Route #296: 3501 5476 824 696 2801 1579 5398 1052 3847 4136 1581 5441 4648 2953 5853 2464 3379
Route #297: 1759 2423 194 911 1358 4022 4407 3203 5173 81 3115 2120 4103 4259
Route #298: 3229 2630 1983 3734 576 4476 1802 3474 4118 3984 3477 5259 2505 3992 977 2856
Route #299: 1853 1056 3121 4437 887 4055 96 2638 4142 606 855 5251 927 950 3153
Route #300: 5737 4487 395 5527 2037 2280 2739 3758 2025 5253 5886 2062 3868 5174 5075 1753 2494 3470
Route #301: 4766 4745 1792 35 2438 595 1274 3059 805 1161 3081 4738 3907 2543 4256 3604
Route #302: 4252 4794 1636 2045 2696 1346 2731 716 4749 5291 1523 3348 1845 5595 4691 5295 1723
Route #303: 5834 3077 5518 3728 3448 5928 2077 3328 4568 1045 3037 5051 4856 2823 1494 4292 874
Route #304: 2320 470 3240 5370 3340 3434 430 1334 212 2273 5659 637 5667 4014 4593
Route #305: 1524 3088 3843 2784 4988 4282 3054 2201 2420 4685 199 4830 5137 3549 2926
Route #306: 2972 4612 778 5404 3177 4475 4430 4402 535 3616 2242 184 457 3365 1066
Route #307: 422 1821 3622 439 2876 5093 3861 3933 5562 3456 5734 1519 978 5073 2224 4232
Route #308: 244 1199 3850 4545 79 4981 2202 3395 3100 975 5081 3970 3983 5043 2786 1089 2254 4436 4074 3637 4273
Route #309: 819 410 5989 4904 4639 354 5054 111 4645 1696 2458 2462 2631 4866 923 1976 3837 4626 1668 4346
Route #310: 3162 5749 1972 4141 2448 2835 5463 4633 98 1774 4284 5333 783 1650 1726
Route #311: 5916 684 928 516 11 4253 5423 4775 1794 4150 4788 73 678 135 5027 3168 4970 1922 4987 2877
Route #312: 5765 3760 4479 5795 2615 2521 3314 1010 3103 2424 4748 5150 2413 4520 1216 4719 4884 5533
Route #313: 3711 3082 2158 5876 2038 5910 2882 5421 4438 1366 3803 688 2810 1239 4575 1044
Route #314: 2665 3761 3778 3050 1887 3238 1564 4956 5353 5309 4640 3385 5554 3505 2287 1825 2765 4262
Route #315: 833 5736 1699 2873 3180 4723 3612 39 4002 2042 1009 2390 5912 5683 1077 5841 5553 4994 1606
Route #316: 5364 5224 2305 1064 5036 3513 2279 3882 291 3043 1483 5753 1277 87 384 2161
Route #317: 4017 4928 1640 208 5483 5936 366 1435 5229 5310 5005 141 1407 1418 4581
Route #318: 437 4573 2529 5706 3522 389 2405 890 2713 3577 5583 5628 3355 3563 842 4867 2515 3685
Route #319: 5307 707 4242 2193 4550 4909 3990 2578 5608 5649 368 1201 2228 2307 782
Route #320: 4652 2230 303 5153 3117 2030 3105 1689 2482 816 5341 999 1738 3769 4392 205 1275 5017
Route #321: 2924 804 508 3420 5523 3419 1240 718 2426 1203 2883 4561 5163 1130 2667 3321 299 5142
Route #322: 1220 4791 5669 870 631 1268 5717 2341 4893 5120 434 4954 1253 1436
Route #323: 3408 5686 5313 3919 2268 4533 1871 756 839 1337 5098 3435 1256 3510 795
Route #324: 1446 2099 2456 4850 2237 332 5379 5162 1098 2839 5230 5713 2399 4507 2439 2838 15
Route #325: 3387 3535 3498 5781 5836 1815 2730 5536 5250 3015 5577 1936 5925 765
Route #326: 5730 4025 501 2283 3543 1977 698 879 3476 1308 5205 3289 3003 2602 4814 948 1736 1876
Route #327: 4315 2963 2358 3027 5797 3473 4617 4235 2540 1401 7 2573 4425 5867 4469 1493 236 3878
Route #328: 4646 607 5374 3452 3287 4474 2643 1771 5755 4143 3822 4039 4835 4967 2962 4549 1094 2335
Route #329: 5116 5280 2308 1083 3279 5845 5733 773 445 882 4321 5724 1093 2281 1251 1243
Route #330: 275 1431 168 5311 2048 5242 5346 5551 1844 284 5745 5278 828 4488 300 412 189
Route #331: 2415 65 554 3291 5746 136 2117 3682 695 5786 5226 3338 3295 312 297
Route #332: 448 2286 3531 1444 4191 3560 5626 5754 4649 1223 1527 2216 1609 5256 4948 5913 1233
Route #333: 3028 2485 2554 687 5903 1516 992 1481 5149 5956 5411 5969 3286 4255 1359 3467 2846
Route #334: 335 4505 4747 2020 4592 1007 5550 943 2012 2087 5980 1546 4197 4117 2798 3440 1241
Route #335: 2343 5021 4625 3042 5668 5007 1652 5361 2126 5245 896 3176 3678 3527 3662 2928 5196
Route #336: 1166 3298 5396 764 5915 3319 4636 5099 4728 3618 4819 167 1038 3853
Route #337: 3641 5334 3495 3863 5335 2620 2430 4140 5778 3693 3396 315 4854 5598 4712 1280 4105 3757
Route #338: 3801 3022 2345 3347 4072 1036 536 5395 627 2824 1152 2022 555 3326 2851 1272 2660 5177
Route #339: 5987 2127 694 1278 3315 2723 49 5526 22 3409 3216 3643 937 13 4250 5870 5489
Route #340: 169 1325 2203 5971 1575 1584 2378 2879 5305 5854 400 2064 4121 95 3283 1978 912 1263
Route #341: 5546 2257 2805 569 5003 5582 170 196 1570 2495 2094 4785 5757 5572 3439 3012 682 3599
Route #342: 2416 5004 3765 177 83 4007 2937 2791 3318 1124 5992 186 1107
Route #343: 5619 4619 2036 3520 3383 3252 376 1686 1404 4187 1219 3656 2081 2854
Route #344: 2187 1906 925 3500 2904 4412 1995 2274 1344 2535 5009 8 345 959 4353 3866 4158
Route #345: 5651 3443 56 1688 5838 5641 1958 3821 3069 4734 1716 2364 4566 201 3389 5180
Route #346: 2056 4236 1020 2241 3541 2772 2734 3874 5223 5884 4174 5609 1928 3304 1329 2210 1429
Route #347: 1967 5564 4957 4215 3429 3740 2244 1932 5509 2394 162 2590 5832 3221 5462 832
Route #348: 2901 3189 5034 5957 2321 3325 1573 5046 2980
Cost 516885
