Route #1: 658 408 698 664 768 662 335 873 12 908 13 522 656 145 119 203 742 260 601 350 18
Route #2: 930 532 978 55 230 507 537 115 816 237 187 433 354 316 723 321 300 836 234 236 876 748 819 801
Route #3: 958 766 822 935 151 900 524 611 844 538 789 372 955 483 110 806 557 179 921 736 457 903
Route #4: 485 44 369 852 343 198 875 177 25 28 240 407 767 245 48 293 491 289 650 132 533 570 600 931 231 794 865
Route #5: 320 735 301 660 80 501 972 588 402 346 41 406 944 942 355 634 361 9 15 702 804 141
Route #6: 826 96 870 146 734 150 934 487 542 998 64 867 784 818 619 905 694 817 167 143 643 607
Route #7: 915 571 142 918 800 929 374 652 330 243 367 62 85 93 88 58 484 168 444 424 755 783 964
Route #8: 759 202 229 427 303 498 757 352 56 84 134 771 183 725 796 936 941 398 620 506 897 270
Route #9: 462 793 744 318 513 486 519 553 887 315 948 109 199 461 124 830 99 983 5 606
Route #10: 488 864 824 807 750 636 100 155 156 182 764 272 543 985 189 810 466 435 769 890 563 602 684
Route #11: 130 313 218 922 609 940 920 746 569 685 681 548 65 353 438 305 833 990 647 706 396 114 213 949 53
Route #12: 842 943 309 269 782 573 192 907 251 730 917 500 302 888 814 327 128 425 717 616 480 738 221 81
Route #13: 273 432 75 608 885 152 370 556 185 512 598 482 333 646 78 212 249 704 761 471 670 517
Route #14: 877 239 348 829 691 46 496 225 527 504 700 426 252 30 687 503 233 415 749 669 977 383 126 787 729
Route #15: 389 530 326 319 193 166 184 791 276 4 986 281 891 612 106 521 996 127 137 951 323 763 618 169 380 401
Route #16: 831 340 37 338 967 275 848 162 97 584 235 336 271 666 631 878 849 961 550 121 387 860
Route #17: 413 394 456 701 238 422 135 906 733 933 889 747 180 627 567 160 60 882 586 149 622 786
Route #18: 928 855 493 329 34 714 2 979 649 851 976 191 324 288 626 285 909 317 365 253 217 311 138 790 526 259 904
Route #19: 896 674 641 257 711 529 539 651 926 883 823 35 950 628 111 677 419 776
Route #20: 475 838 970 657 856 371 154 102 258 911 615 174 250 675 716 295 478 67 147 536 73 339 57 841 458
Route #21: 741 69 715 178 224 36 997 610 477 470 449 381 420 19 170 368 679 77 963 546 292 26 559 497
Route #22: 328 535 495 778 843 866 981 781 442 923 310 939 72 263 821 574 208 410 423 835 226
Route #23: 956 809 157 490 377 463 845 112 10 164 863 122 695 63 914 916 24 992 803 29 802 104 298
Route #24: 638 284 528 499 648 719 583 927 739 460 655 850 337 547 640 101 280 194 952 440 494 840 197
Route #25: 792 808 884 578 509 279 728 452 133 980 283 812 277 508 201 45 306 248 266 604 356 386
Route #26: 431 206 957 489 139 815 592 384 153 255 751 140 204 59 290 467 754 242 959 774 938 417 186 969 561
Route #27: 94 22 297 724 52 262 752 727 246 925 378 659 171 261 663 708 596 103 984 502 31 89 294
Route #28: 397 82 443 731 188 892 43 247 625 668 853 672 797 962 256 299 617 859 785 879 418 593
Route #29: 108 712 23 209 718 965 95 296 32 91 629 50 454 645 603 38 525 395 564 451
Route #30: 232 312 1000 200 90 434 430 960 291 514 118 450 799 692 6 895 973 331 756 901 555 520 599 216 779 54 999
Route #31: 391 210 541 566 580 405 971 117 17 47 591 987 362 181 847 359 447 264
Route #32: 428 813 159 575 308 924 87 995 577 511 268 131 20 576 173 551 893 136 991 910 726 989 404
Route #33: 388 869 777 795 654 286 393 886 3 76 79 772 113 314 743 66 798 161 667 682 83 721 544 912 448
Route #34: 71 974 582 581 227 358 439 144 545 857 375 51 244 854 1 304 834
Route #35: 703 219 745 39 379 116 966 671 459 811 762 474 446 968 437 163 597 523 222 364 630 129 760 436 16 837 595 693 49 175 390
Route #36: 165 228 33 572 558 732 351 975 946 705 579 476 828 820 344 158 385 421 287 689 780 278 623 560 105 696 14
Route #37: 172 585 709 765 594 412 613 881 195 994 568 947 472 176 399 510 196 639 534 468 455 605 688
Route #38: 464 409 357 554 982 445 713 932 880 676 376 624 7 644 686 465 516 661 846 215 874 945 953 411 68
Route #39: 334 11 342 770 678 552 349 341 473 827 621 699 205 223 70 40 858 382 332 902 587 125 403 862 758 832 373 363
Route #40: 429 635 148 614 360 366 267 665 589 254 241 653 347 872 697 773 190 642 518 531
Route #41: 839 825 322 211 861 871 898 392 265 633 400 481 673 61 441 740 416 868 27 282 220 710
Route #42: 492 707 722 207 274 737 479 788 307 690 894 954 913 683 120 562 325 549 107 632 21 123
Route #43: 469 8 98 42 899 919 453 720 590 637 805 414 86 74 753 993 775 92 680 937 345 565
Route #44: 505 540 515 988 214
Cost 79994
