Route #1: 819 748 236 836 300 485 44 369 852 177 25 875 198 343 937 345 565 723 321 876 515 540 505
Route #2: 680 92 28 240 839 825 104 802 197 840 211 494 792 808 884 578 509 452 283 980 728 279 89 294
Route #3: 133 812 201 508 45 306 248 266 604 356 754 242 959 774 386 938 431 206 815 139 489 957
Route #4: 94 22 297 561 724 969 186 417 59 592 384 153 255 751 204 140 290 467 261 663 708 596 103 984 502 31
Route #5: 277 52 262 752 727 246 925 378 892 247 625 43 659 188 731 443 82 593 397 171
Route #6: 668 853 672 418 879 785 859 581 227 582 974 71 39 379 116 966 671 459 811 762 745 219 703 390 175 49 693
Route #7: 27 868 416 740 531 595 837 16 436 129 630 364 222 597 196 510 639 534 468 605 688 554 357 409
Route #8: 68 464 585 709 765 455 172 953 411 945 874 982 932 676 376 624 7 880 445 713 215 846 661 347
Route #9: 635 872 516 686 644 363 373 334 11 342 770 552 678 332 832 758 254 862 665 589 241 465 360 614 148
Route #10: 642 518 190 827 621 699 205 223 70 473 40 858 341 349 382 902 587 403 125 653 267 366 697 773 429
Route #11: 523 163 399 176 472 947 568 437 994 968 975 946 705 579 476 828 820 344 385 287 689 780 421 158 351 732 558 572 33 228 165
Route #12: 441 61 673 474 760 446 594 412 613 14 623 278 560 105 195 881 696 481 400 633 256 797 962
Route #13: 299 712 23 209 799 450 118 514 210 960 291 391 232 1000 312 430 434 90 200 108 617
Route #14: 264 447 359 847 181 541 566 580 987 591 47 117 971 405 995 87 576 20
Route #15: 388 869 777 795 286 721 544 912 161 667 83 682 393 268 131 511 76 886 3 798 66 743 314 113 772 79 577
Route #16: 428 813 159 575 308 991 910 136 893 726 989 404 448 654 173 551 924 17 362 244 51
Route #17: 834 304 1 854 375 857 545 144 439 358 38 603 692 718 965 95 454 645
Route #18: 871 861 898 392 54 779 216 599 520 555 901 756 331 973 895 6 629 91 32 296 50 999 525 395 564 451 265
Route #19: 638 284 528 499 648 719 583 739 927 460 850 337 655 547 640 101 280 952 194 440 298 48 293 491 570
Route #20: 794 931 600 231 865 320 735 301 660 80 501 972 588 402 346 41 406 944 942 355 634 361 9 15
Route #21: 804 702 141 96 826 870 146 734 150 934 487 542 998 64 867 784 818 619 905 694 817 167
Route #22: 607 643 143 168 484 58 85 62 367 243 330 652 374 328 490 463 377 809 157 571 915
Route #23: 803 24 992 845 112 916 914 63 695 122 164 10 863 303 427 229 202 759 800 918 929 142
Route #24: 413 394 456 701 238 422 135 906 340 831 498 757 733 160 60 882 586 149 622 786
Route #25: 866 981 781 442 923 310 263 821 939 72 574 626 285 317 365 253 217 311 138 790 526 259 904 928 843 778
Route #26: 855 493 329 34 776 714 2 851 976 35 823 926 651 883 324 191 979 649 677 111 419 288
Route #27: 475 838 970 657 856 371 226 909 628 950 257 711 539 529 641 674 896 250 174 258 102 154
Route #28: 841 458 741 69 715 178 224 997 36 449 470 420 19 368 147 536 73 339 57 478 67 716 675 295
Route #29: 170 381 610 477 835 546 423 208 410 963 77 679 292 26 559 497 615 911 627 567 180 747 889 933
Route #30: 352 56 84 134 771 183 37 725 398 620 124 461 199 109 948 315 887 519 486 553 99 830 897 270
Route #31: 983 318 513 744 864 824 807 750 636 100 156 182 684 609 569 685 65 730 917 353
Route #32: 432 704 249 212 78 646 556 333 482 185 512 877 239 348 829 691 729 787 126 383 977
Route #33: 598 46 496 106 225 233 669 749 415 503 687 30 252 426 700 504 527 612 891 281 986 4 276 521 996 401 380 530 389
Route #34: 275 967 338 848 162 97 584 235 271 336 184 951 137 127 323 763 618 326 878 319 631 666 849
Route #35: 128 327 814 888 169 791 166 193 961 550 121 387 860 370 152 885 608 75 500 302
Route #36: 517 471 761 670 273 425 305 438 833 990 647 706 396 114 949 53 130 218 192 573 782 309 943 313 842 81
Route #37: 213 221 738 480 616 717 548 681 602 746 940 920 890 563 272 769 435 466 810 189 985 543 764 922 269 251 907
Route #38: 964 783 755 424 444 88 93 535 495 796 936 941 506 155 488 793 606 5 462 29 956
Route #39: 533 132 650 289 407 767 245 322 710 492 707 74 722 123 21 562 120 325 549 107 632
Route #40: 86 414 590 720 637 805 453 207 737 479 788 307 690 954 894 683 913 274 919 899 42
Route #41: 469 8 98 753 993 775 282 220 214 988 316 354 433 187 237 816 822 921 179 736 766 457 903 958
Route #42: 801 234 151 935 900 524 611 844 538 789 372 955 483 110 806 557 335 662 768 664 698 408 658
Route #43: 350 601 507 537 115 230 55 742 203 119 145 656 522 13 908 978 532 12 260 873 18
Route #44: 930
Cost 80598
